Component: ARM Compiler 5.06 update 6 (build 750) Tool: armlink [4d35ed]

==============================================================================

Section Cross References

    main.o(.text) refers to systick.o(.text) for SystickInit
    main.o(.text) refers to delay.o(.text) for Delay_Init
    main.o(.text) refers to led.o(.text) for LED_Init
    main.o(.text) refers to key.o(.text) for KEY_Init
    main.o(.text) refers to usb2com_drv.o(.text) for Usb2ComDrvInit
    main.o(.text) refers to mfrc522.o(.text) for MFRC522_Init
    main.o(.text) refers to mq2.o(.text) for MQ2_Init
    main.o(.text) refers to main.o(.data) for g_taskComps
    main.o(.data) refers to hmitask.o(.text) for HmiTask
    main.o(.data) refers to mfrc522.o(.text) for MFRC522Task
    main.o(.data) refers to usb2com_drv.o(.text) for Usb2ComTask
    system_stm32f10x.o(.text) refers to system_stm32f10x.o(.data) for SystemCoreClock
    key.o(.text) refers to stm32f10x_rcc.o(.text) for RCC_APB2PeriphClockCmd
    key.o(.text) refers to stm32f10x_gpio.o(.text) for GPIO_PinRemapConfig
    key.o(.text) refers to delay.o(.text) for delay_ms
    key.o(.text) refers to key.o(.data) for key_up
    led.o(.text) refers to stm32f10x_rcc.o(.text) for RCC_APB2PeriphClockCmd
    led.o(.text) refers to stm32f10x_gpio.o(.text) for GPIO_Init
    led.o(.text) refers to led.o(.data) for g_gpioList
    hmitask.o(.text) refers to key.o(.text) for KEY_Scan
    systick.o(.text) refers to systick.o(.data) for g_pTaskScheduleFunc
    systick.o(.text) refers to system_stm32f10x.o(.data) for SystemCoreClock
    usb2com_drv.o(.text) refers to stm32f10x_rcc.o(.text) for RCC_APB2PeriphClockCmd
    usb2com_drv.o(.text) refers to stm32f10x_gpio.o(.text) for GPIO_Init
    usb2com_drv.o(.text) refers to stm32f10x_usart.o(.text) for USART_Init
    usb2com_drv.o(.text) refers to stm32f10x_dma.o(.text) for DMA_DeInit
    usb2com_drv.o(.text) refers to misc.o(.text) for NVIC_Init
    usb2com_drv.o(.text) refers to led.o(.text) for TurnOnLed
    usb2com_drv.o(.text) refers to usb2com_drv.o(.bss) for g_rcvDataBuf
    usb2com_drv.o(.text) refers to usb2com_drv.o(.data) for g_pktRcvd
    mfrc522.o(.text) refers to stm32f10x_rcc.o(.text) for RCC_APB2PeriphClockCmd
    mfrc522.o(.text) refers to stm32f10x_gpio.o(.text) for GPIO_Init
    mfrc522.o(.text) refers to delay.o(.text) for delay_us
    mfrc522.o(.text) refers to printfa.o(i.__0printf) for __2printf
    mfrc522.o(.text) refers to mfrc522.o(.bss) for buf
    mq2.o(.text) refers to stm32f10x_rcc.o(.text) for RCC_APB2PeriphClockCmd
    mq2.o(.text) refers to stm32f10x_gpio.o(.text) for GPIO_Init
    mq2.o(.text) refers to adcx.o(.text) for ADCx_Init
    mq2.o(.text) refers to delay.o(.text) for delay_ms
    mq2.o(.text) refers to ffltui.o(.text) for __aeabi_ui2f
    mq2.o(.text) refers to fadd.o(.text) for __aeabi_fadd
    mq2.o(.text) refers to fdiv.o(.text) for __aeabi_fdiv
    mq2.o(.text) refers to fmul.o(.text) for __aeabi_fmul
    mq2.o(.text) refers to f2d.o(.text) for __aeabi_f2d
    mq2.o(.text) refers to dmul.o(.text) for __aeabi_dmul
    mq2.o(.text) refers to ddiv.o(.text) for __aeabi_ddiv
    mq2.o(.text) refers to d2f.o(.text) for __aeabi_d2f
    mq2.o(.text) refers to pow.o(i.pow) for pow
    mq2.o(.text) refers to printfa.o(i.__0printf) for __2printf
    mq2.o(.text) refers to printfa.o(i.__0sprintf) for __2sprintf
    mq2.o(.text) refers to mq2.o(.data) for value
    mq2.o(.text) refers to mq2.o(.bss) for buff
    delay.o(.text) refers to system_stm32f10x.o(.data) for SystemCoreClock
    adcx.o(.text) refers to stm32f10x_rcc.o(.text) for RCC_APB2PeriphClockCmd
    adcx.o(.text) refers to stm32f10x_adc.o(.text) for ADC_Init
    startup_stm32f10x_hd.o(RESET) refers to startup_stm32f10x_hd.o(STACK) for __initial_sp
    startup_stm32f10x_hd.o(RESET) refers to startup_stm32f10x_hd.o(.text) for Reset_Handler
    startup_stm32f10x_hd.o(RESET) refers to stm32f10x_it.o(.text) for NMI_Handler
    startup_stm32f10x_hd.o(RESET) refers to systick.o(.text) for SysTick_Handler
    startup_stm32f10x_hd.o(RESET) refers to usb2com_drv.o(.text) for USART1_IRQHandler
    startup_stm32f10x_hd.o(.text) refers to system_stm32f10x.o(.text) for SystemInit
    startup_stm32f10x_hd.o(.text) refers to entry.o(.ARM.Collect$$$$00000000) for __main
    stm32f10x_gpio.o(.text) refers to stm32f10x_rcc.o(.text) for RCC_APB2PeriphResetCmd
    stm32f10x_rcc.o(.text) refers to stm32f10x_rcc.o(.data) for APBAHBPrescTable
    stm32f10x_usart.o(.text) refers to stm32f10x_rcc.o(.text) for RCC_APB2PeriphResetCmd
    stm32f10x_adc.o(.text) refers to stm32f10x_rcc.o(.text) for RCC_APB2PeriphResetCmd
    pow.o(i.__softfp_pow) refers (Special) to iusefp.o(.text) for __I$use$fp
    pow.o(i.__softfp_pow) refers to pow.o(i.pow) for pow
    pow.o(i.pow) refers (Special) to iusefp.o(.text) for __I$use$fp
    pow.o(i.pow) refers to dunder.o(i.__mathlib_dbl_infnan2) for __mathlib_dbl_infnan2
    pow.o(i.pow) refers to errno.o(i.__set_errno) for __set_errno
[...]
    printf4.o(i.__0snprintf$4) refers to printf4.o(i._printf_core) for _printf_core
    printf4.o(i.__0snprintf$4) refers to printf4.o(i._snputc) for _snputc
    printf4.o(i.__0sprintf$4) refers to printf4.o(i._printf_core) for _printf_core
    printf4.o(i.__0sprintf$4) refers to printf4.o(i._sputc) for _sputc
    printf4.o(i.__0vfprintf$4) refers to printf4.o(i._printf_core) for _printf_core
    printf4.o(i.__0vfprintf$4) refers to usb2com_drv.o(.text) for fputc
    printf4.o(i.__0vprintf$4) refers to printf4.o(i._printf_core) for _printf_core
    printf4.o(i.__0vprintf$4) refers to usb2com_drv.o(.text) for fputc
    printf4.o(i.__0vprintf$4) refers to stdout.o(.data) for __stdout
    printf4.o(i.__0vsnprintf$4) refers to printf4.o(i._printf_core) for _printf_core
    printf4.o(i.__0vsnprintf$4) refers to printf4.o(i._snputc) for _snputc
    printf4.o(i.__0vsprintf$4) refers to printf4.o(i._printf_core) for _printf_core
    printf4.o(i.__0vsprintf$4) refers to printf4.o(i._sputc) for _sputc
    printf4.o(i._printf_core) refers to uldiv.o(.text) for __aeabi_uldivmod
    printf5.o(i.__0fprintf$5) refers to printf5.o(i._printf_core) for _printf_core
    printf5.o(i.__0fprintf$5) refers to usb2com_drv.o(.text) for fputc
    printf5.o(i.__0printf$5) refers to printf5.o(i._printf_core) for _printf_core
    printf5.o(i.__0printf$5) refers to usb2com_drv.o(.text) for fputc
    printf5.o(i.__0printf$5) refers to stdout.o(.data) for __stdout
    printf5.o(i.__0snprintf$5) refers to printf5.o(i._printf_core) for _printf_core
    printf5.o(i.__0snprintf$5) refers to printf5.o(i._snputc) for _snputc
    printf5.o(i.__0sprintf$5) refers to printf5.o(i._printf_core) for _printf_core
    printf5.o(i.__0sprintf$5) refers to printf5.o(i._sputc) for _sputc
    printf5.o(i.__0vfprintf$5) refers to printf5.o(i._printf_core) for _printf_core
    printf5.o(i.__0vfprintf$5) refers to usb2com_drv.o(.text) for fputc
    printf5.o(i.__0vprintf$5) refers to printf5.o(i._printf_core) for _printf_core
    printf5.o(i.__0vprintf$5) refers to usb2com_drv.o(.text) for fputc
    printf5.o(i.__0vprintf$5) refers to stdout.o(.data) for __stdout
    printf5.o(i.__0vsnprintf$5) refers to printf5.o(i._printf_core) for _printf_core
    printf5.o(i.__0vsnprintf$5) refers to printf5.o(i._snputc) for _snputc
    printf5.o(i.__0vsprintf$5) refers to printf5.o(i._printf_core) for _printf_core
    printf5.o(i.__0vsprintf$5) refers to printf5.o(i._sputc) for _sputc
    printf5.o(i._printf_core) refers to uldiv.o(.text) for __aeabi_uldivmod
    printf6.o(i.__0fprintf$6) refers to printf6.o(i._printf_core) for _printf_core
    printf6.o(i.__0fprintf$6) refers to usb2com_drv.o(.text) for fputc
    printf6.o(i.__0printf$6) refers to printf6.o(i._printf_core) for _printf_core
    printf6.o(i.__0printf$6) refers to usb2com_drv.o(.text) for fputc
    printf6.o(i.__0printf$6) refers to stdout.o(.data) for __stdout
    printf6.o(i.__0snprintf$6) refers to printf6.o(i._printf_core) for _printf_core
    printf6.o(i.__0snprintf$6) refers to printf6.o(i._snputc) for _snputc
    printf6.o(i.__0sprintf$6) refers to printf6.o(i._printf_core) for _printf_core
    printf6.o(i.__0sprintf$6) refers to printf6.o(i._sputc) for _sputc
    printf6.o(i.__0vfprintf$6) refers to printf6.o(i._printf_core) for _printf_core
    printf6.o(i.__0vfprintf$6) refers to usb2com_drv.o(.text) for fputc
    printf6.o(i.__0vprintf$6) refers to printf6.o(i._printf_core) for _printf_core
    printf6.o(i.__0vprintf$6) refers to usb2com_drv.o(.text) for fputc
    printf6.o(i.__0vprintf$6) refers to stdout.o(.data) for __stdout
    printf6.o(i.__0vsnprintf$6) refers to printf6.o(i._printf_core) for _printf_core
    printf6.o(i.__0vsnprintf$6) refers to printf6.o(i._snputc) for _snputc
    printf6.o(i.__0vsprintf$6) refers to printf6.o(i._printf_core) for _printf_core
    printf6.o(i.__0vsprintf$6) refers to printf6.o(i._sputc) for _sputc
    printf6.o(i._printf_core) refers to printf6.o(i._printf_pre_padding) for _printf_pre_padding
    printf6.o(i._printf_core) refers to uidiv.o(.text) for __aeabi_uidivmod
    printf6.o(i._printf_core) refers to printf6.o(i._printf_post_padding) for _printf_post_padding
    printf7.o(i.__0fprintf$7) refers to printf7.o(i._printf_core) for _printf_core
    printf7.o(i.__0fprintf$7) refers to usb2com_drv.o(.text) for fputc
    printf7.o(i.__0printf$7) refers to printf7.o(i._printf_core) for _printf_core
    printf7.o(i.__0printf$7) refers to usb2com_drv.o(.text) for fputc
    printf7.o(i.__0printf$7) refers to stdout.o(.data) for __stdout
    printf7.o(i.__0snprintf$7) refers to printf7.o(i._printf_core) for _printf_core
    printf7.o(i.__0snprintf$7) refers to printf7.o(i._snputc) for _snputc
    printf7.o(i.__0sprintf$7) refers to printf7.o(i._printf_core) for _printf_core
    printf7.o(i.__0sprintf$7) refers to printf7.o(i._sputc) for _sputc
    printf7.o(i.__0vfprintf$7) refers to printf7.o(i._printf_core) for _printf_core
    printf7.o(i.__0vfprintf$7) refers to usb2com_drv.o(.text) for fputc
    printf7.o(i.__0vprintf$7) refers to printf7.o(i._printf_core) for _printf_core
    printf7.o(i.__0vprintf$7) refers to usb2com_drv.o(.text) for fputc
    printf7.o(i.__0vprintf$7) refers to stdout.o(.data) for __stdout
    printf7.o(i.__0vsnprintf$7) refers to printf7.o(i._printf_core) for _printf_core
    printf7.o(i.__0vsnprintf$7) refers to printf7.o(i._snputc) for _snputc
    printf7.o(i.__0vsprintf$7) refers to printf7.o(i._printf_core) for _printf_core
    printf7.o(i.__0vsprintf$7) refers to printf7.o(i._sputc) for _sputc
    printf7.o(i._printf_core) refers to printf7.o(i._printf_pre_padding) for _printf_pre_padding
    printf7.o(i._printf_core) refers to uldiv.o(.text) for __aeabi_uldivmod
    printf7.o(i._printf_core) refers to printf7.o(i._printf_post_padding) for _printf_post_padding
    printf8.o(i.__0fprintf$8) refers to printf8.o(i._printf_core) for _printf_core
    printf8.o(i.__0fprintf$8) refers to usb2com_drv.o(.text) for fputc
    printf8.o(i.__0printf$8) refers to printf8.o(i._printf_core) for _printf_core
    printf8.o(i.__0printf$8) refers to usb2com_drv.o(.text) for fputc
    printf8.o(i.__0printf$8) refers to stdout.o(.data) for __stdout
    printf8.o(i.__0snprintf$8) refers to printf8.o(i._printf_core) for _printf_core
    printf8.o(i.__0snprintf$8) refers to printf8.o(i._snputc) for _snputc
    printf8.o(i.__0sprintf$8) refers to printf8.o(i._printf_core) for _printf_core
    printf8.o(i.__0sprintf$8) refers to printf8.o(i._sputc) for _sputc
    printf8.o(i.__0vfprintf$8) refers to printf8.o(i._printf_core) for _printf_core
    printf8.o(i.__0vfprintf$8) refers to usb2com_drv.o(.text) for fputc
    printf8.o(i.__0vprintf$8) refers to printf8.o(i._printf_core) for _printf_core
    printf8.o(i.__0vprintf$8) refers to usb2com_drv.o(.text) for fputc
    printf8.o(i.__0vprintf$8) refers to stdout.o(.data) for __stdout
    printf8.o(i.__0vsnprintf$8) refers to printf8.o(i._printf_core) for _printf_core
    printf8.o(i.__0vsnprintf$8) refers to printf8.o(i._snputc) for _snputc
    printf8.o(i.__0vsprintf$8) refers to printf8.o(i._printf_core) for _printf_core
    printf8.o(i.__0vsprintf$8) refers to printf8.o(i._sputc) for _sputc
    printf8.o(i._printf_core) refers to printf8.o(i._printf_pre_padding) for _printf_pre_padding
    printf8.o(i._printf_core) refers to uldiv.o(.text) for __aeabi_uldivmod
    printf8.o(i._printf_core) refers to printf8.o(i._printf_post_padding) for _printf_post_padding
    printfa.o(i.__0fprintf) refers (Special) to iusefp.o(.text) for __I$use$fp
    printfa.o(i.__0fprintf) refers to printfa.o(i._printf_core) for _printf_core
    printfa.o(i.__0fprintf) refers to usb2com_drv.o(.text) for fputc
    printfa.o(i.__0printf) refers (Special) to iusefp.o(.text) for __I$use$fp
    printfa.o(i.__0printf) refers to printfa.o(i._printf_core) for _printf_core
    printfa.o(i.__0printf) refers to usb2com_drv.o(.text) for fputc
    printfa.o(i.__0printf) refers to stdout.o(.data) for __stdout
    printfa.o(i.__0snprintf) refers (Special) to iusefp.o(.text) for __I$use$fp
    printfa.o(i.__0snprintf) refers to printfa.o(i._printf_core) for _printf_core
    printfa.o(i.__0snprintf) refers to printfa.o(i._snputc) for _snputc
    printfa.o(i.__0sprintf) refers (Special) to iusefp.o(.text) for __I$use$fp
    printfa.o(i.__0sprintf) refers to printfa.o(i._printf_core) for _printf_core
    printfa.o(i.__0sprintf) refers to printfa.o(i._sputc) for _sputc
    printfa.o(i.__0vfprintf) refers (Special) to iusefp.o(.text) for __I$use$fp
    printfa.o(i.__0vfprintf) refers to printfa.o(i._printf_core) for _printf_core
    printfa.o(i.__0vfprintf) refers to usb2com_drv.o(.text) for fputc
    printfa.o(i.__0vprintf) refers (Special) to iusefp.o(.text) for __I$use$fp
    printfa.o(i.__0vprintf) refers to printfa.o(i._printf_core) for _printf_core
    printfa.o(i.__0vprintf) refers to usb2com_drv.o(.text) for fputc
    printfa.o(i.__0vprintf) refers to stdout.o(.data) for __stdout
    printfa.o(i.__0vsnprintf) refers (Special) to iusefp.o(.text) for __I$use$fp
    printfa.o(i.__0vsnprintf) refers to printfa.o(i._printf_core) for _printf_core
    printfa.o(i.__0vsnprintf) refers to printfa.o(i._snputc) for _snputc
    printfa.o(i.__0vsprintf) refers (Special) to iusefp.o(.text) for __I$use$fp
    printfa.o(i.__0vsprintf) refers to printfa.o(i._printf_core) for _printf_core
    printfa.o(i.__0vsprintf) refers to printfa.o(i._sputc) for _sputc
    printfa.o(i._fp_digits) refers (Special) to iusefp.o(.text) for __I$use$fp
    printfa.o(i._fp_digits) refers to dmul.o(.text) for __aeabi_dmul
    printfa.o(i._fp_digits) refers to ddiv.o(.text) for __aeabi_ddiv
    printfa.o(i._fp_digits) refers to cdrcmple.o(.text) for __aeabi_cdrcmple
    printfa.o(i._fp_digits) refers to dadd.o(.text) for __aeabi_dadd
    printfa.o(i._fp_digits) refers to dfixul.o(.text) for __aeabi_d2ulz
    printfa.o(i._fp_digits) refers to uldiv.o(.text) for __aeabi_uldivmod
    printfa.o(i._printf_core) refers (Special) to iusefp.o(.text) for __I$use$fp
    printfa.o(i._printf_core) refers to printfa.o(i._printf_pre_padding) for _printf_pre_padding
    printfa.o(i._printf_core) refers to uldiv.o(.text) for __aeabi_uldivmod
    printfa.o(i._printf_core) refers to printfa.o(i._printf_post_padding) for _printf_post_padding
    printfa.o(i._printf_core) refers to printfa.o(i._fp_digits) for _fp_digits
    printfa.o(i._printf_core) refers to uidiv.o(.text) for __aeabi_uidivmod
    printfa.o(i._printf_post_padding) refers (Special) to iusefp.o(.text) for __I$use$fp
    printfa.o(i._printf_pre_padding) refers (Special) to iusefp.o(.text) for __I$use$fp
    printfa.o(i._snputc) refers (Special) to iusefp.o(.text) for __I$use$fp
    printfa.o(i._sputc) refers (Special) to iusefp.o(.text) for __I$use$fp
    fadd.o(.text) refers (Special) to iusefp.o(.text) for __I$use$fp
    fadd.o(.text) refers to fepilogue.o(.text) for _float_epilogue
    fmul.o(.text) refers (Special) to iusefp.o(.text) for __I$use$fp
    fdiv.o(.text) refers (Special) to iusefp.o(.text) for __I$use$fp
    fdiv.o(.text) refers to fepilogue.o(.text) for _float_round
    dmul.o(.text) refers (Special) to iusefp.o(.text) for __I$use$fp
    dmul.o(.text) refers to depilogue.o(.text) for _double_epilogue
    ddiv.o(.text) refers (Special) to iusefp.o(.text) for __I$use$fp
    ddiv.o(.text) refers to depilogue.o(.text) for _double_round
    ffltui.o(.text) refers (Special) to iusefp.o(.text) for __I$use$fp
    ffltui.o(.text) refers to fepilogue.o(.text) for _float_epilogue
    f2d.o(.text) refers (Special) to iusefp.o(.text) for __I$use$fp
    d2f.o(.text) refers (Special) to iusefp.o(.text) for __I$use$fp
    d2f.o(.text) refers to fepilogue.o(.text) for _float_round
    dunder.o(i.__mathlib_dbl_divzero) refers to ddiv.o(.text) for __aeabi_ddiv
    dunder.o(i.__mathlib_dbl_infnan) refers to dscalb.o(.text) for __ARM_scalbn
    dunder.o(i.__mathlib_dbl_infnan2) refers to dadd.o(.text) for __aeabi_dadd
    dunder.o(i.__mathlib_dbl_invalid) refers to ddiv.o(.text) for __aeabi_ddiv
    dunder.o(i.__mathlib_dbl_overflow) refers to dscalb.o(.text) for __ARM_scalbn
    dunder.o(i.__mathlib_dbl_posinfnan) refers to dmul.o(.text) for __aeabi_dmul
    dunder.o(i.__mathlib_dbl_underflow) refers to dscalb.o(.text) for __ARM_scalbn
    fpclassify.o(i.__ARM_fpclassify) refers (Special) to iusefp.o(.text) for __I$use$fp
    poly.o(i.__kernel_poly) refers (Special) to iusefp.o(.text) for __I$use$fp
    poly.o(i.__kernel_poly) refers to dmul.o(.text) for __aeabi_dmul
    poly.o(i.__kernel_poly) refers to dadd.o(.text) for __aeabi_dadd
    qnan.o(.constdata) refers (Special) to iusefp.o(.text) for __I$use$fp
    sqrt.o(i.__softfp_sqrt) refers (Special) to iusefp.o(.text) for __I$use$fp
    sqrt.o(i.__softfp_sqrt) refers to dsqrt.o(.text) for _dsqrt
    sqrt.o(i.__softfp_sqrt) refers to errno.o(i.__set_errno) for __set_errno
    sqrt.o(i.sqrt) refers (Special) to iusefp.o(.text) for __I$use$fp
    sqrt.o(i.sqrt) refers to dsqrt.o(.text) for _dsqrt
    sqrt.o(i.sqrt) refers to errno.o(i.__set_errno) for __set_errno
    sqrt_x.o(i.____softfp_sqrt$lsc) refers (Special) to iusefp.o(.text) for __I$use$fp
    sqrt_x.o(i.____softfp_sqrt$lsc) refers to cdcmple.o(.text) for __aeabi_cdcmple
    sqrt_x.o(i.____softfp_sqrt$lsc) refers to errno.o(i.__set_errno) for __set_errno
    sqrt_x.o(i.____softfp_sqrt$lsc) refers to dsqrt.o(.text) for _dsqrt
    sqrt_x.o(i.__sqrt$lsc) refers (Special) to iusefp.o(.text) for __I$use$fp
    sqrt_x.o(i.__sqrt$lsc) refers to cdcmple.o(.text) for __aeabi_cdcmple
    sqrt_x.o(i.__sqrt$lsc) refers to errno.o(i.__set_errno) for __set_errno
    sqrt_x.o(i.__sqrt$lsc) refers to dsqrt.o(.text) for _dsqrt
    entry2.o(.ARM.Collect$$$$00000001) refers to entry2.o(.ARM.Collect$$$$00002712) for __lit__00000000
    entry2.o(.ARM.Collect$$$$00002712) refers to startup_stm32f10x_hd.o(STACK) for __initial_sp
    entry2.o(__vectab_stack_and_reset_area) refers to startup_stm32f10x_hd.o(STACK) for __initial_sp
    entry2.o(__vectab_stack_and_reset_area) refers to entry.o(.ARM.Collect$$$$00000000) for __main
    entry5.o(.ARM.Collect$$$$00000004) refers to init.o(.text) for __scatterload
    entry9a.o(.ARM.Collect$$$$0000000B) refers to main.o(.text) for main
    entry9b.o(.ARM.Collect$$$$0000000C) refers to main.o(.text) for main
    uldiv.o(.text) refers to llushr.o(.text) for __aeabi_llsr
    uldiv.o(.text) refers to llshl.o(.text) for __aeabi_llsl
    errno.o(i.__aeabi_errno_addr) refers to errno.o(.data) for .data
    errno.o(i.__read_errno) refers to errno.o(.data) for .data
    errno.o(i.__set_errno) refers to errno.o(.data) for .data
    depilogue.o(.text) refers to llshl.o(.text) for __aeabi_llsl
    depilogue.o(.text) refers to llushr.o(.text) for __aeabi_llsr
    dadd.o(.text) refers to llshl.o(.text) for __aeabi_llsl
    dadd.o(.text) refers to llsshr.o(.text) for __aeabi_lasr
    dadd.o(.text) refers to depilogue.o(.text) for _double_epilogue
    dflti.o(.text) refers to depilogue.o(.text) for _double_epilogue
    dfixul.o(.text) refers to llushr.o(.text) for __aeabi_llsr
    dfixul.o(.text) refers to llshl.o(.text) for __aeabi_llsl
    init.o(.text) refers to entry5.o(.ARM.Collect$$$$00000004) for __main_after_scatterload
    dsqrt.o(.text) refers to llushr.o(.text) for __aeabi_llsr
    dsqrt.o(.text) refers to depilogue.o(.text) for _double_round


==============================================================================

Removing Unused input sections from the image.

    Removing main.o(.rev16_text), (4 bytes).
    Removing main.o(.revsh_text), (4 bytes).
    Removing main.o(.rrx_text), (6 bytes).
    Removing stm32f10x_it.o(.rev16_text), (4 bytes).
    Removing stm32f10x_it.o(.revsh_text), (4 bytes).
    Removing stm32f10x_it.o(.rrx_text), (6 bytes).
    Removing system_stm32f10x.o(.rev16_text), (4 bytes).
    Removing system_stm32f10x.o(.revsh_text), (4 bytes).
    Removing system_stm32f10x.o(.rrx_text), (6 bytes).
    Removing key.o(.rev16_text), (4 bytes).
    Removing key.o(.revsh_text), (4 bytes).
    Removing key.o(.rrx_text), (6 bytes).
    Removing led.o(.rev16_text), (4 bytes).
    Removing led.o(.revsh_text), (4 bytes).
    Removing led.o(.rrx_text), (6 bytes).
    Removing hmitask.o(.rev16_text), (4 bytes).
    Removing hmitask.o(.revsh_text), (4 bytes).
    Removing hmitask.o(.rrx_text), (6 bytes).
    Removing systick.o(.rev16_text), (4 bytes).
    Removing systick.o(.revsh_text), (4 bytes).
    Removing systick.o(.rrx_text), (6 bytes).
    Removing usb2com_drv.o(.rev16_text), (4 bytes).
    Removing usb2com_drv.o(.revsh_text), (4 bytes).
    Removing usb2com_drv.o(.rrx_text), (6 bytes).
    Removing queue.o(.text), (202 bytes).
    Removing mfrc522.o(.rev16_text), (4 bytes).
    Removing mfrc522.o(.revsh_text), (4 bytes).
    Removing mfrc522.o(.rrx_text), (6 bytes).
    Removing mq2.o(.rev16_text), (4 bytes).
    Removing mq2.o(.revsh_text), (4 bytes).
    Removing mq2.o(.rrx_text), (6 bytes).
    Removing delay.o(.rev16_text), (4 bytes).
    Removing delay.o(.revsh_text), (4 bytes).
    Removing delay.o(.rrx_text), (6 bytes).
    Removing sys.o(.rev16_text), (4 bytes).
    Removing sys.o(.revsh_text), (4 bytes).
    Removing sys.o(.rrx_text), (6 bytes).
    Removing sys.o(.emb_text), (6 bytes).
    Removing sys.o(.text), (12 bytes).
    Removing adcx.o(.rev16_text), (4 bytes).
    Removing adcx.o(.revsh_text), (4 bytes).
    Removing adcx.o(.rrx_text), (6 bytes).
    Removing core_cm3.o(.emb_text), (32 bytes).
    Removing startup_stm32f10x_hd.o(HEAP), (512 bytes).
    Removing stm32f10x_gpio.o(.rev16_text), (4 bytes).
    Removing stm32f10x_gpio.o(.revsh_text), (4 bytes).
    Removing stm32f10x_gpio.o(.rrx_text), (6 bytes).
    Removing stm32f10x_rcc.o(.rev16_text), (4 bytes).
    Removing stm32f10x_rcc.o(.revsh_text), (4 bytes).
    Removing stm32f10x_rcc.o(.rrx_text), (6 bytes).
    Removing stm32f10x_usart.o(.rev16_text), (4 bytes).
    Removing stm32f10x_usart.o(.revsh_text), (4 bytes).
    Removing stm32f10x_usart.o(.rrx_text), (6 bytes).
    Removing misc.o(.rev16_text), (4 bytes).
    Removing misc.o(.revsh_text), (4 bytes).
    Removing misc.o(.rrx_text), (6 bytes).
    Removing stm32f10x_dma.o(.rev16_text), (4 bytes).
    Removing stm32f10x_dma.o(.revsh_text), (4 bytes).
    Removing stm32f10x_dma.o(.rrx_text), (6 bytes).
    Removing stm32f10x_adc.o(.rev16_text), (4 bytes).
    Removing stm32f10x_adc.o(.revsh_text), (4 bytes).
    Removing stm32f10x_adc.o(.rrx_text), (6 bytes).
    Removing cdcmple.o(.text), (48 bytes).

63 unused section(s) (total 1078 bytes) removed from the image.

==============================================================================

Image Symbol Table

    Local Symbols

    Symbol Name                              Value     Ov Type        Size  Object(Section)

    ../clib/microlib/division.c              0x00000000   Number         0  uldiv.o ABSOLUTE
    ../clib/microlib/division.c              0x00000000   Number         0  uidiv.o ABSOLUTE
    ../clib/microlib/errno.c                 0x00000000   Number         0  errno.o ABSOLUTE
    ../clib/microlib/init/entry.s            0x00000000   Number         0  entry9a.o ABSOLUTE
    ../clib/microlib/init/entry.s            0x00000000   Number         0  entry10a.o ABSOLUTE
    ../clib/microlib/init/entry.s            0x00000000   Number         0  entry.o ABSOLUTE
    ../clib/microlib/init/entry.s            0x00000000   Number         0  entry8b.o ABSOLUTE
    ../clib/microlib/init/entry.s            0x00000000   Number         0  entry9b.o ABSOLUTE
    ../clib/microlib/init/entry.s            0x00000000   Number         0  entry8a.o ABSOLUTE
    ../clib/microlib/init/entry.s            0x00000000   Number         0  entry7b.o ABSOLUTE
    ../clib/microlib/init/entry.s            0x00000000   Number         0  entry7a.o ABSOLUTE
    ../clib/microlib/init/entry.s            0x00000000   Number         0  entry5.o ABSOLUTE
    ../clib/microlib/init/entry.s            0x00000000   Number         0  entry2.o ABSOLUTE
    ../clib/microlib/init/entry.s            0x00000000   Number         0  entry11b.o ABSOLUTE
    ../clib/microlib/init/entry.s            0x00000000   Number         0  entry11a.o ABSOLUTE
    ../clib/microlib/init/entry.s            0x00000000   Number         0  entry10b.o ABSOLUTE
    ../clib/microlib/longlong.c              0x00000000   Number         0  llshl.o ABSOLUTE
    ../clib/microlib/longlong.c              0x00000000   Number         0  llsshr.o ABSOLUTE
    ../clib/microlib/longlong.c              0x00000000   Number         0  llushr.o ABSOLUTE
    ../clib/microlib/printf/printf.c         0x00000000   Number         0  printfb.o ABSOLUTE
    ../clib/microlib/printf/printf.c         0x00000000   Number         0  printfa.o ABSOLUTE
    ../clib/microlib/printf/printf.c         0x00000000   Number         0  printf8.o ABSOLUTE
    ../clib/microlib/printf/printf.c         0x00000000   Number         0  printf7.o ABSOLUTE
    ../clib/microlib/printf/printf.c         0x00000000   Number         0  printf6.o ABSOLUTE
    ../clib/microlib/printf/printf.c         0x00000000   Number         0  printf5.o ABSOLUTE
    ../clib/microlib/printf/printf.c         0x00000000   Number         0  printf4.o ABSOLUTE
    ../clib/microlib/printf/printf.c         0x00000000   Number         0  printf0.o ABSOLUTE
    ../clib/microlib/printf/printf.c         0x00000000   Number         0  printf1.o ABSOLUTE
    ../clib/microlib/printf/printf.c         0x00000000   Number         0  printf2.o ABSOLUTE
    ../clib/microlib/printf/printf.c         0x00000000   Number         0  printf3.o ABSOLUTE
    ../clib/microlib/printf/stubs.s          0x00000000   Number         0  stubs.o ABSOLUTE
    ../clib/microlib/stdio/streams.c         0x00000000   Number         0  stdout.o ABSOLUTE
    ../clib/microlib/stubs.s                 0x00000000   Number         0  iusefp.o ABSOLUTE
    ../fplib/microlib/d2f.c                  0x00000000   Number         0  d2f.o ABSOLUTE
    ../fplib/microlib/f2d.c                  0x00000000   Number         0  f2d.o ABSOLUTE
    ../fplib/microlib/fpadd.c                0x00000000   Number         0  dadd.o ABSOLUTE
    ../fplib/microlib/fpadd.c                0x00000000   Number         0  fadd.o ABSOLUTE
    ../fplib/microlib/fpdiv.c                0x00000000   Number         0  ddiv.o ABSOLUTE
    ../fplib/microlib/fpdiv.c                0x00000000   Number         0  fdiv.o ABSOLUTE
    ../fplib/microlib/fpepilogue.c           0x00000000   Number         0  depilogue.o ABSOLUTE
    ../fplib/microlib/fpepilogue.c           0x00000000   Number         0  fepilogue.o ABSOLUTE
    ../fplib/microlib/fpfix.c                0x00000000   Number         0  dfixul.o ABSOLUTE
    ../fplib/microlib/fpflt.c                0x00000000   Number         0  dflti.o ABSOLUTE
    ../fplib/microlib/fpflt.c                0x00000000   Number         0  ffltui.o ABSOLUTE
    ../fplib/microlib/fpmul.c                0x00000000   Number         0  dmul.o ABSOLUTE
    ../fplib/microlib/fpmul.c                0x00000000   Number         0  fmul.o ABSOLUTE
    ../fplib/microlib/fpscalb.c              0x00000000   Number         0  dscalb.o ABSOLUTE
    ../fplib/microlib/fpsqrt.c               0x00000000   Number         0  dsqrt.o ABSOLUTE
    ../mathlib/dunder.c                      0x00000000   Number         0  dunder.o ABSOLUTE
    ../mathlib/fpclassify.c                  0x00000000   Number         0  fpclassify.o ABSOLUTE
    ../mathlib/poly.c                        0x00000000   Number         0  poly.o ABSOLUTE
    ../mathlib/pow.c                         0x00000000   Number         0  pow.o ABSOLUTE
    ../mathlib/pow.c                         0x00000000   Number         0  pow_x.o ABSOLUTE
    ../mathlib/qnan.c                        0x00000000   Number         0  qnan.o ABSOLUTE
    ../mathlib/sqrt.c                        0x00000000   Number         0  sqrt.o ABSOLUTE
    ../mathlib/sqrt.c                        0x00000000   Number         0  sqrt_x.o ABSOLUTE
    ..\CORE\core_cm3.c                       0x00000000   Number         0  core_cm3.o ABSOLUTE
    ..\CORE\startup_stm32f10x_hd.s           0x00000000   Number         0  startup_stm32f10x_hd.o ABSOLUTE
    ..\HARDWARE\MFRC522.c                    0x00000000   Number         0  mfrc522.o ABSOLUTE
    ..\HARDWARE\hmitask.c                    0x00000000   Number         0  hmitask.o ABSOLUTE
    ..\HARDWARE\key.c                        0x00000000   Number         0  key.o ABSOLUTE
    ..\HARDWARE\led.c                        0x00000000   Number         0  led.o ABSOLUTE
    ..\HARDWARE\mq2.c                        0x00000000   Number         0  mq2.o ABSOLUTE
    ..\HARDWARE\queue.c                      0x00000000   Number         0  queue.o ABSOLUTE
    ..\HARDWARE\systick.c                    0x00000000   Number         0  systick.o ABSOLUTE
    ..\HARDWARE\usb2Com_drv.c                0x00000000   Number         0  usb2com_drv.o ABSOLUTE
    ..\STM32F10x_FWLib\src\misc.c            0x00000000   Number         0  misc.o ABSOLUTE
    ..\STM32F10x_FWLib\src\stm32f10x_adc.c   0x00000000   Number         0  stm32f10x_adc.o ABSOLUTE
    ..\STM32F10x_FWLib\src\stm32f10x_dma.c   0x00000000   Number         0  stm32f10x_dma.o ABSOLUTE
    ..\STM32F10x_FWLib\src\stm32f10x_gpio.c  0x00000000   Number         0  stm32f10x_gpio.o ABSOLUTE
    ..\STM32F10x_FWLib\src\stm32f10x_rcc.c   0x00000000   Number         0  stm32f10x_rcc.o ABSOLUTE
    ..\STM32F10x_FWLib\src\stm32f10x_usart.c 0x00000000   Number         0  stm32f10x_usart.o ABSOLUTE
    ..\SYSTEM\adc\adcx.c                     0x00000000   Number         0  adcx.o ABSOLUTE
    ..\SYSTEM\delay\delay.c                  0x00000000   Number         0  delay.o ABSOLUTE
    ..\SYSTEM\sys\sys.c                      0x00000000   Number         0  sys.o ABSOLUTE
    ..\SYSTEM\usart\usart.c                  0x00000000   Number         0  usart.o ABSOLUTE
    ..\\CORE\\core_cm3.c                     0x00000000   Number         0  core_cm3.o ABSOLUTE
    ..\\HARDWARE\\MFRC522.c                  0x00000000   Number         0  mfrc522.o ABSOLUTE
    ..\\HARDWARE\\hmitask.c                  0x00000000   Number         0  hmitask.o ABSOLUTE
    ..\\HARDWARE\\key.c                      0x00000000   Number         0  key.o ABSOLUTE
    ..\\HARDWARE\\led.c                      0x00000000   Number         0  led.o ABSOLUTE
    ..\\HARDWARE\\mq2.c                      0x00000000   Number         0  mq2.o ABSOLUTE
    ..\\HARDWARE\\systick.c                  0x00000000   Number         0  systick.o ABSOLUTE
    ..\\HARDWARE\\usb2Com_drv.c              0x00000000   Number         0  usb2com_drv.o ABSOLUTE
    ..\\STM32F10x_FWLib\\src\\misc.c         0x00000000   Number         0  misc.o ABSOLUTE
    ..\\STM32F10x_FWLib\\src\\stm32f10x_adc.c 0x00000000   Number         0  stm32f10x_adc.o ABSOLUTE
    ..\\STM32F10x_FWLib\\src\\stm32f10x_dma.c 0x00000000   Number         0  stm32f10x_dma.o ABSOLUTE
    ..\\STM32F10x_FWLib\\src\\stm32f10x_gpio.c 0x00000000   Number         0  stm32f10x_gpio.o ABSOLUTE
    ..\\STM32F10x_FWLib\\src\\stm32f10x_rcc.c 0x00000000   Number         0  stm32f10x_rcc.o ABSOLUTE
    ..\\STM32F10x_FWLib\\src\\stm32f10x_usart.c 0x00000000   Number         0  stm32f10x_usart.o ABSOLUTE
    ..\\SYSTEM\\adc\\adcx.c                  0x00000000   Number         0  adcx.o ABSOLUTE
    ..\\SYSTEM\\delay\\delay.c               0x00000000   Number         0  delay.o ABSOLUTE
    ..\\SYSTEM\\sys\\sys.c                   0x00000000   Number         0  sys.o ABSOLUTE
    cdcmple.s                                0x00000000   Number         0  cdcmple.o ABSOLUTE
    cdrcmple.s                               0x00000000   Number         0  cdrcmple.o ABSOLUTE
    dc.s                                     0x00000000   Number         0  dc.o ABSOLUTE
    handlers.s                               0x00000000   Number         0  handlers.o ABSOLUTE
    init.s                                   0x00000000   Number         0  init.o ABSOLUTE
    main.c                                   0x00000000   Number         0  main.o ABSOLUTE
    main.c                                   0x00000000   Number         0  main.o ABSOLUTE
    stm32f10x_it.c                           0x00000000   Number         0  stm32f10x_it.o ABSOLUTE
    stm32f10x_it.c                           0x00000000   Number         0  stm32f10x_it.o ABSOLUTE
    system_stm32f10x.c                       0x00000000   Number         0  system_stm32f10x.o ABSOLUTE
    system_stm32f10x.c                       0x00000000   Number         0  system_stm32f10x.o ABSOLUTE
    RESET                                    0x08000000   Section      304  startup_stm32f10x_hd.o(RESET)
    .ARM.Collect$$$$00000000                 0x08000130   Section        0  entry.o(.ARM.Collect$$$$00000000)
    .ARM.Collect$$$$00000001                 0x08000130   Section        4  entry2.o(.ARM.Collect$$$$00000001)
    .ARM.Collect$$$$00000004                 0x08000134   Section        4  entry5.o(.ARM.Collect$$$$00000004)
    .ARM.Collect$$$$00000008                 0x08000138   Section        0  entry7b.o(.ARM.Collect$$$$00000008)
    .ARM.Collect$$$$0000000A                 0x08000138   Section        0  entry8b.o(.ARM.Collect$$$$0000000A)
    .ARM.Collect$$$$0000000B                 0x08000138   Section        8  entry9a.o(.ARM.Collect$$$$0000000B)
    .ARM.Collect$$$$0000000D                 0x08000140   Section        0  entry10a.o(.ARM.Collect$$$$0000000D)
    .ARM.Collect$$$$0000000F                 0x08000140   Section        0  entry11a.o(.ARM.Collect$$$$0000000F)
    .ARM.Collect$$$$00002712                 0x08000140   Section        4  entry2.o(.ARM.Collect$$$$00002712)
    __lit__00000000                          0x08000140   Data           4  entry2.o(.ARM.Collect$$$$00002712)
    .text                                    0x08000144   Section        0  main.o(.text)
    TaskHandler                              0x08000145   Thumb Code    66  main.o(.text)
    TaskScheduleCb                           0x08000187   Thumb Code   100  main.o(.text)
    DrvInit                                  0x080001eb   Thumb Code    32  main.o(.text)
    AppInit                                  0x0800020b   Thumb Code    10  main.o(.text)
    .text                                    0x0800022c   Section        0  stm32f10x_it.o(.text)
    .text                                    0x08000244   Section        0  system_stm32f10x.o(.text)
    SetSysClockTo72                          0x08000245   Thumb Code   214  system_stm32f10x.o(.text)
    SetSysClock                              0x0800031b   Thumb Code     8  system_stm32f10x.o(.text)
    .text                                    0x08000424   Section        0  key.o(.text)
    .text                                    0x08000520   Section        0  led.o(.text)
    GPIO_ClockEnable                         0x08000521   Thumb Code    84  led.o(.text)
    .text                                    0x0800069c   Section        0  hmitask.o(.text)
    .text                                    0x08000710   Section        0  systick.o(.text)
    .text                                    0x080007b4   Section        0  usb2com_drv.o(.text)
    Usb2ComGpioInit                          0x080007b5   Thumb Code    64  usb2com_drv.o(.text)
    Usb2ComUartInit                          0x080007f5   Thumb Code    60  usb2com_drv.o(.text)
    Usb2ComDmaInit                           0x08000831   Thumb Code    86  usb2com_drv.o(.text)
    Usb2ComNvicInit                          0x08000887   Thumb Code    32  usb2com_drv.o(.text)
    CalXorSum                                0x080008bf   Thumb Code    24  usb2com_drv.o(.text)
    CtrlLed                                  0x080008d7   Thumb Code    24  usb2com_drv.o(.text)
    .text                                    0x080009a8   Section        0  mfrc522.o(.text)
    .text                                    0x080011c4   Section        0  mq2.o(.text)
    .text                                    0x08001368   Section        0  delay.o(.text)
    .text                                    0x080013e0   Section        0  adcx.o(.text)
    .text                                    0x0800147c   Section       36  startup_stm32f10x_hd.o(.text)
    .text                                    0x080014a0   Section        0  stm32f10x_gpio.o(.text)
    .text                                    0x080017fc   Section        0  stm32f10x_rcc.o(.text)
    .text                                    0x08001ba0   Section        0  stm32f10x_usart.o(.text)
    .text                                    0x08001fa8   Section        0  misc.o(.text)
    .text                                    0x08002084   Section        0  stm32f10x_dma.o(.text)
    .text                                    0x080022d8   Section        0  stm32f10x_adc.o(.text)
    .text                                    0x08002726   Section        0  fadd.o(.text)
    .text                                    0x080027d6   Section        0  fmul.o(.text)
    .text                                    0x0800283a   Section        0  fdiv.o(.text)
    .text                                    0x080028b6   Section        0  dmul.o(.text)
    .text                                    0x0800299a   Section        0  ddiv.o(.text)
    .text                                    0x08002a78   Section        0  ffltui.o(.text)
    .text                                    0x08002a82   Section        0  f2d.o(.text)
    .text                                    0x08002aa8   Section        0  d2f.o(.text)
    .text                                    0x08002ae0   Section        0  uidiv.o(.text)
    .text                                    0x08002b0c   Section        0  uldiv.o(.text)
    .text                                    0x08002b6e   Section        0  fepilogue.o(.text)
    .text                                    0x08002b6e   Section        0  iusefp.o(.text)
    .text                                    0x08002bdc   Section        0  depilogue.o(.text)
    .text                                    0x08002c96   Section        0  dadd.o(.text)
    .text                                    0x08002de4   Section        0  dscalb.o(.text)
    .text                                    0x08002e12   Section        0  dflti.o(.text)
    .text                                    0x08002e34   Section        0  dfixul.o(.text)
    .text                                    0x08002e64   Section       48  cdrcmple.o(.text)
    .text                                    0x08002e94   Section       36  init.o(.text)
    .text                                    0x08002eb8   Section        0  llshl.o(.text)
    .text                                    0x08002ed6   Section        0  llushr.o(.text)
    .text                                    0x08002ef6   Section        0  llsshr.o(.text)
    .text                                    0x08002f1a   Section        0  dsqrt.o(.text)
    i.__0printf                              0x08002fbc   Section        0  printfa.o(i.__0printf)
    i.__0sprintf                             0x08002fdc   Section        0  printfa.o(i.__0sprintf)
    i.__ARM_fpclassify                       0x08003004   Section        0  fpclassify.o(i.__ARM_fpclassify)
    i.__kernel_poly                          0x0800302c   Section        0  poly.o(i.__kernel_poly)
    i.__mathlib_dbl_divzero                  0x080030d8   Section        0  dunder.o(i.__mathlib_dbl_divzero)
    i.__mathlib_dbl_infnan2                  0x080030e8   Section        0  dunder.o(i.__mathlib_dbl_infnan2)
    i.__mathlib_dbl_invalid                  0x080030ec   Section        0  dunder.o(i.__mathlib_dbl_invalid)
    i.__mathlib_dbl_overflow                 0x080030f8   Section        0  dunder.o(i.__mathlib_dbl_overflow)
    i.__mathlib_dbl_underflow                0x08003108   Section        0  dunder.o(i.__mathlib_dbl_underflow)
    i.__scatterload_copy                     0x08003118   Section       14  handlers.o(i.__scatterload_copy)
    i.__scatterload_null                     0x08003126   Section        2  handlers.o(i.__scatterload_null)
    i.__scatterload_zeroinit                 0x08003128   Section       14  handlers.o(i.__scatterload_zeroinit)
    i.__set_errno                            0x08003138   Section        0  errno.o(i.__set_errno)
    i._fp_digits                             0x08003144   Section        0  printfa.o(i._fp_digits)
    _fp_digits                               0x08003145   Thumb Code   366  printfa.o(i._fp_digits)
    i._printf_core                           0x080032c8   Section        0  printfa.o(i._printf_core)
    _printf_core                             0x080032c9   Thumb Code  1744  printfa.o(i._printf_core)
    i._printf_post_padding                   0x080039a4   Section        0  printfa.o(i._printf_post_padding)
    _printf_post_padding                     0x080039a5   Thumb Code    36  printfa.o(i._printf_post_padding)
    i._printf_pre_padding                    0x080039c8   Section        0  printfa.o(i._printf_pre_padding)
    _printf_pre_padding                      0x080039c9   Thumb Code    46  printfa.o(i._printf_pre_padding)
    i._sputc                                 0x080039f6   Section        0  printfa.o(i._sputc)
    _sputc                                   0x080039f7   Thumb Code    10  printfa.o(i._sputc)
    i.pow                                    0x08003a00   Section        0  pow.o(i.pow)
    i.sqrt                                   0x080043d8   Section        0  sqrt.o(i.sqrt)
    .constdata                               0x08004428   Section      136  pow.o(.constdata)
    bp                                       0x08004428   Data          16  pow.o(.constdata)
    dp_h                                     0x08004438   Data          16  pow.o(.constdata)
    dp_l                                     0x08004448   Data          16  pow.o(.constdata)
    L                                        0x08004458   Data          48  pow.o(.constdata)
    P                                        0x08004488   Data          40  pow.o(.constdata)
    .constdata                               0x080044b0   Section        8  qnan.o(.constdata)
    .data                                    0x20000000   Section       36  main.o(.data)
    g_taskComps                              0x20000000   Data          36  main.o(.data)
    .data                                    0x20000024   Section       20  system_stm32f10x.o(.data)
    .data                                    0x20000038   Section        1  key.o(.data)
    key_up                                   0x20000038   Data           1  key.o(.data)
    .data                                    0x2000003c   Section       16  led.o(.data)
    g_gpioList                               0x2000003c   Data          16  led.o(.data)
    .data                                    0x20000050   Section       12  systick.o(.data)
    g_sysRunTime                             0x20000050   Data           8  systick.o(.data)
    g_pTaskScheduleFunc                      0x20000058   Data           4  systick.o(.data)
    .data                                    0x2000005c   Section        1  usb2com_drv.o(.data)
    g_pktRcvd                                0x2000005c   Data           1  usb2com_drv.o(.data)
    .data                                    0x20000060   Section        8  mq2.o(.data)
    .data                                    0x20000068   Section       20  stm32f10x_rcc.o(.data)
    APBAHBPrescTable                         0x20000068   Data          16  stm32f10x_rcc.o(.data)
    ADCPrescTable                            0x20000078   Data           4  stm32f10x_rcc.o(.data)
    .data                                    0x2000007c   Section        4  stdout.o(.data)
    .data                                    0x20000080   Section        4  errno.o(.data)
    _errno                                   0x20000080   Data           4  errno.o(.data)
    .bss                                     0x20000084   Section       20  usb2com_drv.o(.bss)
    g_rcvDataBuf                             0x20000084   Data          20  usb2com_drv.o(.bss)
    .bss                                     0x20000098   Section       20  mfrc522.o(.bss)
    .bss                                     0x200000ac   Section       30  mq2.o(.bss)
    STACK                                    0x200000d0   Section     1024  startup_stm32f10x_hd.o(STACK)

    Global Symbols

    Symbol Name                              Value     Ov Type        Size  Object(Section)

    BuildAttributes$$THM_ISAv4$P$D$K$B$S$PE$A:L22UL41UL21$X:L11$S22US41US21$IEEE1$IW$USESV6$~STKCKD$USESV7$~SHL$OTIME$ROPI$IEEEX$EBA8$MICROLIB$REQ8$PRES8$EABIv2 0x00000000   Number         0  anon$$obj.o ABSOLUTE
    __ARM_use_no_argv                        0x00000000   Number         0  main.o ABSOLUTE
    _printf_a                                0x00000000   Number         0  stubs.o ABSOLUTE
    _printf_c                                0x00000000   Number         0  stubs.o ABSOLUTE
    _printf_charcount                        0x00000000   Number         0  stubs.o ABSOLUTE
    _printf_d                                0x00000000   Number         0  stubs.o ABSOLUTE
    _printf_e                                0x00000000   Number         0  stubs.o ABSOLUTE
    _printf_f                                0x00000000   Number         0  stubs.o ABSOLUTE
    _printf_flags                            0x00000000   Number         0  stubs.o ABSOLUTE
    _printf_fp_dec                           0x00000000   Number         0  stubs.o ABSOLUTE
    _printf_fp_hex                           0x00000000   Number         0  stubs.o ABSOLUTE
    _printf_g                                0x00000000   Number         0  stubs.o ABSOLUTE
    _printf_i                                0x00000000   Number         0  stubs.o ABSOLUTE
    _printf_int_dec                          0x00000000   Number         0  stubs.o ABSOLUTE
    _printf_l                                0x00000000   Number         0  stubs.o ABSOLUTE
    _printf_lc                               0x00000000   Number         0  stubs.o ABSOLUTE
    _printf_ll                               0x00000000   Number         0  stubs.o ABSOLUTE
    _printf_lld                              0x00000000   Number         0  stubs.o ABSOLUTE
    _printf_lli                              0x00000000   Number         0  stubs.o ABSOLUTE
    _printf_llo                              0x00000000   Number         0  stubs.o ABSOLUTE
    _printf_llu                              0x00000000   Number         0  stubs.o ABSOLUTE
    _printf_llx                              0x00000000   Number         0  stubs.o ABSOLUTE
    _printf_longlong_dec                     0x00000000   Number         0  stubs.o ABSOLUTE
    _printf_longlong_hex                     0x00000000   Number         0  stubs.o ABSOLUTE
    _printf_longlong_oct                     0x00000000   Number         0  stubs.o ABSOLUTE
    _printf_ls                               0x00000000   Number         0  stubs.o ABSOLUTE
    _printf_mbtowc                           0x00000000   Number         0  stubs.o ABSOLUTE
    _printf_n                                0x00000000   Number         0  stubs.o ABSOLUTE
    _printf_o                                0x00000000   Number         0  stubs.o ABSOLUTE
    _printf_p                                0x00000000   Number         0  stubs.o ABSOLUTE
    _printf_percent                          0x00000000   Number         0  stubs.o ABSOLUTE
    _printf_pre_padding                      0x00000000   Number         0  stubs.o ABSOLUTE
    _printf_return_value                     0x00000000   Number         0  stubs.o ABSOLUTE
    _printf_s                                0x00000000   Number         0  stubs.o ABSOLUTE
    _printf_sizespec                         0x00000000   Number         0  stubs.o ABSOLUTE
    _printf_str                              0x00000000   Number         0  stubs.o ABSOLUTE
    _printf_truncate_signed                  0x00000000   Number         0  stubs.o ABSOLUTE
    _printf_truncate_unsigned                0x00000000   Number         0  stubs.o ABSOLUTE
    _printf_u                                0x00000000   Number         0  stubs.o ABSOLUTE
    _printf_wc                               0x00000000   Number         0  stubs.o ABSOLUTE
    _printf_wctomb                           0x00000000   Number         0  stubs.o ABSOLUTE
    _printf_widthprec                        0x00000000   Number         0  stubs.o ABSOLUTE
    _printf_x                                0x00000000   Number         0  stubs.o ABSOLUTE
    __cpp_initialize__aeabi_                  - Undefined Weak Reference
    __cxa_finalize                            - Undefined Weak Reference
    __decompress                              - Undefined Weak Reference
    _clock_init                               - Undefined Weak Reference
    _microlib_exit                            - Undefined Weak Reference
    __Vectors_Size                           0x00000130   Number         0  startup_stm32f10x_hd.o ABSOLUTE
    __Vectors                                0x08000000   Data           4  startup_stm32f10x_hd.o(RESET)
    __Vectors_End                            0x08000130   Data           0  startup_stm32f10x_hd.o(RESET)
    __main                                   0x08000131   Thumb Code     0  entry.o(.ARM.Collect$$$$00000000)
    _main_stk                                0x08000131   Thumb Code     0  entry2.o(.ARM.Collect$$$$00000001)
    _main_scatterload                        0x08000135   Thumb Code     0  entry5.o(.ARM.Collect$$$$00000004)
    __main_after_scatterload                 0x08000139   Thumb Code     0  entry5.o(.ARM.Collect$$$$00000004)
    _main_clock                              0x08000139   Thumb Code     0  entry7b.o(.ARM.Collect$$$$00000008)
    _main_cpp_init                           0x08000139   Thumb Code     0  entry8b.o(.ARM.Collect$$$$0000000A)
    _main_init                               0x08000139   Thumb Code     0  entry9a.o(.ARM.Collect$$$$0000000B)
    __rt_final_cpp                           0x08000141   Thumb Code     0  entry10a.o(.ARM.Collect$$$$0000000D)
    __rt_final_exit                          0x08000141   Thumb Code     0  entry11a.o(.ARM.Collect$$$$0000000F)
    main                                     0x08000215   Thumb Code    16  main.o(.text)
    NMI_Handler                              0x0800022d   Thumb Code     2  stm32f10x_it.o(.text)
    HardFault_Handler                        0x0800022f   Thumb Code     4  stm32f10x_it.o(.text)
    MemManage_Handler                        0x08000233   Thumb Code     4  stm32f10x_it.o(.text)
    BusFault_Handler                         0x08000237   Thumb Code     4  stm32f10x_it.o(.text)
    UsageFault_Handler                       0x0800023b   Thumb Code     4  stm32f10x_it.o(.text)
    SVC_Handler                              0x0800023f   Thumb Code     2  stm32f10x_it.o(.text)
    DebugMon_Handler                         0x08000241   Thumb Code     2  stm32f10x_it.o(.text)
    PendSV_Handler                           0x08000243   Thumb Code     2  stm32f10x_it.o(.text)
    SystemInit                               0x08000323   Thumb Code    78  system_stm32f10x.o(.text)
    SystemCoreClockUpdate                    0x08000371   Thumb Code   142  system_stm32f10x.o(.text)
    KEY_Init                                 0x08000425   Thumb Code    82  key.o(.text)
    KEY_Scan                                 0x08000477   Thumb Code   154  key.o(.text)
    LED_Init                                 0x08000575   Thumb Code   130  led.o(.text)
    TurnOnLed                                0x080005f7   Thumb Code    32  led.o(.text)
    TurnOffLed                               0x08000617   Thumb Code    32  led.o(.text)
    ToggleLed                                0x08000637   Thumb Code    72  led.o(.text)
    HmiTask                                  0x0800069d   Thumb Code   104  hmitask.o(.text)
    TaskScheduleCbReg                        0x08000711   Thumb Code     6  systick.o(.text)
    SystickInit                              0x08000717   Thumb Code   102  systick.o(.text)
    SysTick_Handler                          0x0800077d   Thumb Code    28  systick.o(.text)
    GetSysRunTime                            0x08000799   Thumb Code     8  systick.o(.text)
    Usb2ComDrvInit                           0x080008a7   Thumb Code    24  usb2com_drv.o(.text)
    Usb2ComTask                              0x080008ef   Thumb Code    72  usb2com_drv.o(.text)
    USART1_IRQHandler                        0x08000937   Thumb Code    70  usb2com_drv.o(.text)
    fputc                                    0x0800097d   Thumb Code    24  usb2com_drv.o(.text)
    MFRC522_Init                             0x080009a9   Thumb Code   142  mfrc522.o(.text)
    Read_MFRC522                             0x08000a37   Thumb Code   208  mfrc522.o(.text)
    Write_MFRC522                            0x08000b07   Thumb Code   210  mfrc522.o(.text)
    MFRC522_Reset                            0x08000bd9   Thumb Code   126  mfrc522.o(.text)
    SetBitMask                               0x08000c57   Thumb Code    28  mfrc522.o(.text)
    ClearBitMask                             0x08000c73   Thumb Code    28  mfrc522.o(.text)
    MFRC522_ToCard                           0x08000c8f   Thumb Code   324  mfrc522.o(.text)
    MFRC522_AntennaOn                        0x08000dd3   Thumb Code    26  mfrc522.o(.text)
    MFRC522_AntennaOff                       0x08000ded   Thumb Code    12  mfrc522.o(.text)
    CalulateCRC                              0x08000df9   Thumb Code   108  mfrc522.o(.text)
    MFRC522_Halt                             0x08000e65   Thumb Code    52  mfrc522.o(.text)
    MFRC522_Request                          0x08000e99   Thumb Code    86  mfrc522.o(.text)
    MFRC522_Anticoll                         0x08000eef   Thumb Code   114  mfrc522.o(.text)
    MFRC522_SelectTag                        0x08000f61   Thumb Code   114  mfrc522.o(.text)
    MFRC522_AuthState                        0x08000fd3   Thumb Code   112  mfrc522.o(.text)
    MFRC522_Read                             0x08001043   Thumb Code    86  mfrc522.o(.text)
    MFRC522_Write                            0x08001099   Thumb Code   152  mfrc522.o(.text)
    MFRC522Task                              0x08001131   Thumb Code   110  mfrc522.o(.text)
    MQ2_Init                                 0x080011c5   Thumb Code    36  mq2.o(.text)
    MQ2_ADC_Read                             0x080011e9   Thumb Code    12  mq2.o(.text)
    MQ2_GetData                              0x080011f5   Thumb Code    38  mq2.o(.text)
    MQ2_GetData_PPM                          0x0800121b   Thumb Code   208  mq2.o(.text)
    MQ2_Task                                 0x080012eb   Thumb Code    52  mq2.o(.text)
    Delay_Init                               0x08001369   Thumb Code    50  delay.o(.text)
    delay_us                                 0x0800139b   Thumb Code    30  delay.o(.text)
    delay_ms                                 0x080013b9   Thumb Code    24  delay.o(.text)
    ADCx_Init                                0x080013e1   Thumb Code   104  adcx.o(.text)
    ADC_GetValue                             0x08001449   Thumb Code    48  adcx.o(.text)
    Reset_Handler                            0x0800147d   Thumb Code     8  startup_stm32f10x_hd.o(.text)
    ADC1_2_IRQHandler                        0x08001497   Thumb Code     0  startup_stm32f10x_hd.o(.text)
    ADC3_IRQHandler                          0x08001497   Thumb Code     0  startup_stm32f10x_hd.o(.text)
    CAN1_RX1_IRQHandler                      0x08001497   Thumb Code     0  startup_stm32f10x_hd.o(.text)
    CAN1_SCE_IRQHandler                      0x08001497   Thumb Code     0  startup_stm32f10x_hd.o(.text)
    DMA1_Channel1_IRQHandler                 0x08001497   Thumb Code     0  startup_stm32f10x_hd.o(.text)
    DMA1_Channel2_IRQHandler                 0x08001497   Thumb Code     0  startup_stm32f10x_hd.o(.text)
    DMA1_Channel3_IRQHandler                 0x08001497   Thumb Code     0  startup_stm32f10x_hd.o(.text)
    DMA1_Channel4_IRQHandler                 0x08001497   Thumb Code     0  startup_stm32f10x_hd.o(.text)
    DMA1_Channel5_IRQHandler                 0x08001497   Thumb Code     0  startup_stm32f10x_hd.o(.text)
    DMA1_Channel6_IRQHandler                 0x08001497   Thumb Code     0  startup_stm32f10x_hd.o(.text)
    DMA1_Channel7_IRQHandler                 0x08001497   Thumb Code     0  startup_stm32f10x_hd.o(.text)
    DMA2_Channel1_IRQHandler                 0x08001497   Thumb Code     0  startup_stm32f10x_hd.o(.text)
    DMA2_Channel2_IRQHandler                 0x08001497   Thumb Code     0  startup_stm32f10x_hd.o(.text)
    DMA2_Channel3_IRQHandler                 0x08001497   Thumb Code     0  startup_stm32f10x_hd.o(.text)
    DMA2_Channel4_5_IRQHandler               0x08001497   Thumb Code     0  startup_stm32f10x_hd.o(.text)
    EXTI0_IRQHandler                         0x08001497   Thumb Code     0  startup_stm32f10x_hd.o(.text)
    EXTI15_10_IRQHandler                     0x08001497   Thumb Code     0  startup_stm32f10x_hd.o(.text)
    EXTI1_IRQHandler                         0x08001497   Thumb Code     0  startup_stm32f10x_hd.o(.text)
    EXTI2_IRQHandler                         0x08001497   Thumb Code     0  startup_stm32f10x_hd.o(.text)
    EXTI3_IRQHandler                         0x08001497   Thumb Code     0  startup_stm32f10x_hd.o(.text)
    EXTI4_IRQHandler                         0x08001497   Thumb Code     0  startup_stm32f10x_hd.o(.text)
    EXTI9_5_IRQHandler                       0x08001497   Thumb Code     0  startup_stm32f10x_hd.o(.text)
    FLASH_IRQHandler                         0x08001497   Thumb Code     0  startup_stm32f10x_hd.o(.text)
    FSMC_IRQHandler                          0x08001497   Thumb Code     0  startup_stm32f10x_hd.o(.text)
    I2C1_ER_IRQHandler                       0x08001497   Thumb Code     0  startup_stm32f10x_hd.o(.text)
    I2C1_EV_IRQHandler                       0x08001497   Thumb Code     0  startup_stm32f10x_hd.o(.text)
    I2C2_ER_IRQHandler                       0x08001497   Thumb Code     0  startup_stm32f10x_hd.o(.text)
    I2C2_EV_IRQHandler                       0x08001497   Thumb Code     0  startup_stm32f10x_hd.o(.text)
    PVD_IRQHandler                           0x08001497   Thumb Code     0  startup_stm32f10x_hd.o(.text)
    RCC_IRQHandler                           0x08001497   Thumb Code     0  startup_stm32f10x_hd.o(.text)
    RTCAlarm_IRQHandler                      0x08001497   Thumb Code     0  startup_stm32f10x_hd.o(.text)
    RTC_IRQHandler                           0x08001497   Thumb Code     0  startup_stm32f10x_hd.o(.text)
    SDIO_IRQHandler                          0x08001497   Thumb Code     0  startup_stm32f10x_hd.o(.text)
    SPI1_IRQHandler                          0x08001497   Thumb Code     0  startup_stm32f10x_hd.o(.text)
    SPI2_IRQHandler                          0x08001497   Thumb Code     0  startup_stm32f10x_hd.o(.text)
    SPI3_IRQHandler                          0x08001497   Thumb Code     0  startup_stm32f10x_hd.o(.text)
    TAMPER_IRQHandler                        0x08001497   Thumb Code     0  startup_stm32f10x_hd.o(.text)
    TIM1_BRK_IRQHandler                      0x08001497   Thumb Code     0  startup_stm32f10x_hd.o(.text)
    TIM1_CC_IRQHandler                       0x08001497   Thumb Code     0  startup_stm32f10x_hd.o(.text)
    TIM1_TRG_COM_IRQHandler                  0x08001497   Thumb Code     0  startup_stm32f10x_hd.o(.text)
    TIM1_UP_IRQHandler                       0x08001497   Thumb Code     0  startup_stm32f10x_hd.o(.text)
    TIM2_IRQHandler                          0x08001497   Thumb Code     0  startup_stm32f10x_hd.o(.text)
    TIM3_IRQHandler                          0x08001497   Thumb Code     0  startup_stm32f10x_hd.o(.text)
    TIM4_IRQHandler                          0x08001497   Thumb Code     0  startup_stm32f10x_hd.o(.text)
    TIM5_IRQHandler                          0x08001497   Thumb Code     0  startup_stm32f10x_hd.o(.text)
    TIM6_IRQHandler                          0x08001497   Thumb Code     0  startup_stm32f10x_hd.o(.text)
    TIM7_IRQHandler                          0x08001497   Thumb Code     0  startup_stm32f10x_hd.o(.text)
    TIM8_BRK_IRQHandler                      0x08001497   Thumb Code     0  startup_stm32f10x_hd.o(.text)
    TIM8_CC_IRQHandler                       0x08001497   Thumb Code     0  startup_stm32f10x_hd.o(.text)
    TIM8_TRG_COM_IRQHandler                  0x08001497   Thumb Code     0  startup_stm32f10x_hd.o(.text)
    TIM8_UP_IRQHandler                       0x08001497   Thumb Code     0  startup_stm32f10x_hd.o(.text)
    UART4_IRQHandler                         0x08001497   Thumb Code     0  startup_stm32f10x_hd.o(.text)
    UART5_IRQHandler                         0x08001497   Thumb Code     0  startup_stm32f10x_hd.o(.text)
    USART2_IRQHandler                        0x08001497   Thumb Code     0  startup_stm32f10x_hd.o(.text)
    USART3_IRQHandler                        0x08001497   Thumb Code     0  startup_stm32f10x_hd.o(.text)
    USBWakeUp_IRQHandler                     0x08001497   Thumb Code     0  startup_stm32f10x_hd.o(.text)
    USB_HP_CAN1_TX_IRQHandler                0x08001497   Thumb Code     0  startup_stm32f10x_hd.o(.text)
    USB_LP_CAN1_RX0_IRQHandler               0x08001497   Thumb Code     0  startup_stm32f10x_hd.o(.text)
    WWDG_IRQHandler                          0x08001497   Thumb Code     0  startup_stm32f10x_hd.o(.text)
    GPIO_DeInit                              0x080014a1   Thumb Code   172  stm32f10x_gpio.o(.text)
    GPIO_AFIODeInit                          0x0800154d   Thumb Code    20  stm32f10x_gpio.o(.text)
    GPIO_Init                                0x08001561   Thumb Code   278  stm32f10x_gpio.o(.text)
    GPIO_StructInit                          0x08001677   Thumb Code    16  stm32f10x_gpio.o(.text)
    GPIO_ReadInputDataBit                    0x08001687   Thumb Code    18  stm32f10x_gpio.o(.text)
    GPIO_ReadInputData                       0x08001699   Thumb Code     8  stm32f10x_gpio.o(.text)
    GPIO_ReadOutputDataBit                   0x080016a1   Thumb Code    18  stm32f10x_gpio.o(.text)
    GPIO_ReadOutputData                      0x080016b3   Thumb Code     8  stm32f10x_gpio.o(.text)
    GPIO_SetBits                             0x080016bb   Thumb Code     4  stm32f10x_gpio.o(.text)
    GPIO_ResetBits                           0x080016bf   Thumb Code     4  stm32f10x_gpio.o(.text)
    GPIO_WriteBit                            0x080016c3   Thumb Code    10  stm32f10x_gpio.o(.text)
    GPIO_Write                               0x080016cd   Thumb Code     4  stm32f10x_gpio.o(.text)
    GPIO_PinLockConfig                       0x080016d1   Thumb Code    18  stm32f10x_gpio.o(.text)
    GPIO_EventOutputConfig                   0x080016e3   Thumb Code    26  stm32f10x_gpio.o(.text)
    GPIO_EventOutputCmd                      0x080016fd   Thumb Code     6  stm32f10x_gpio.o(.text)
    GPIO_PinRemapConfig                      0x08001703   Thumb Code   138  stm32f10x_gpio.o(.text)
    GPIO_EXTILineConfig                      0x0800178d   Thumb Code    66  stm32f10x_gpio.o(.text)
    GPIO_ETH_MediaInterfaceConfig            0x080017cf   Thumb Code     8  stm32f10x_gpio.o(.text)
    RCC_DeInit                               0x080017fd   Thumb Code    64  stm32f10x_rcc.o(.text)
    RCC_HSEConfig                            0x0800183d   Thumb Code    70  stm32f10x_rcc.o(.text)
    RCC_GetFlagStatus                        0x08001883   Thumb Code    56  stm32f10x_rcc.o(.text)
    RCC_WaitForHSEStartUp                    0x080018bb   Thumb Code    56  stm32f10x_rcc.o(.text)
    RCC_AdjustHSICalibrationValue            0x080018f3   Thumb Code    20  stm32f10x_rcc.o(.text)
    RCC_HSICmd                               0x08001907   Thumb Code     6  stm32f10x_rcc.o(.text)
    RCC_PLLConfig                            0x0800190d   Thumb Code    24  stm32f10x_rcc.o(.text)
    RCC_PLLCmd                               0x08001925   Thumb Code     6  stm32f10x_rcc.o(.text)
    RCC_SYSCLKConfig                         0x0800192b   Thumb Code    18  stm32f10x_rcc.o(.text)
    RCC_GetSYSCLKSource                      0x0800193d   Thumb Code    10  stm32f10x_rcc.o(.text)
    RCC_HCLKConfig                           0x08001947   Thumb Code    18  stm32f10x_rcc.o(.text)
    RCC_PCLK1Config                          0x08001959   Thumb Code    18  stm32f10x_rcc.o(.text)
    RCC_PCLK2Config                          0x0800196b   Thumb Code    20  stm32f10x_rcc.o(.text)
    RCC_ITConfig                             0x0800197f   Thumb Code    26  stm32f10x_rcc.o(.text)
    RCC_USBCLKConfig                         0x08001999   Thumb Code     8  stm32f10x_rcc.o(.text)
    RCC_ADCCLKConfig                         0x080019a1   Thumb Code    18  stm32f10x_rcc.o(.text)
    RCC_LSEConfig                            0x080019b3   Thumb Code    50  stm32f10x_rcc.o(.text)
    RCC_LSICmd                               0x080019e5   Thumb Code     6  stm32f10x_rcc.o(.text)
    RCC_RTCCLKConfig                         0x080019eb   Thumb Code    12  stm32f10x_rcc.o(.text)
    RCC_RTCCLKCmd                            0x080019f7   Thumb Code     8  stm32f10x_rcc.o(.text)
    RCC_GetClocksFreq                        0x080019ff   Thumb Code   192  stm32f10x_rcc.o(.text)
    RCC_AHBPeriphClockCmd                    0x08001abf   Thumb Code    26  stm32f10x_rcc.o(.text)
    RCC_APB2PeriphClockCmd                   0x08001ad9   Thumb Code    26  stm32f10x_rcc.o(.text)
    RCC_APB1PeriphClockCmd                   0x08001af3   Thumb Code    26  stm32f10x_rcc.o(.text)
    RCC_APB2PeriphResetCmd                   0x08001b0d   Thumb Code    26  stm32f10x_rcc.o(.text)
    RCC_APB1PeriphResetCmd                   0x08001b27   Thumb Code    26  stm32f10x_rcc.o(.text)
    RCC_BackupResetCmd                       0x08001b41   Thumb Code     8  stm32f10x_rcc.o(.text)
    RCC_ClockSecuritySystemCmd               0x08001b49   Thumb Code     6  stm32f10x_rcc.o(.text)
    RCC_MCOConfig                            0x08001b4f   Thumb Code     6  stm32f10x_rcc.o(.text)
    RCC_ClearFlag                            0x08001b55   Thumb Code    14  stm32f10x_rcc.o(.text)
    RCC_GetITStatus                          0x08001b63   Thumb Code    20  stm32f10x_rcc.o(.text)
    RCC_ClearITPendingBit                    0x08001b77   Thumb Code     6  stm32f10x_rcc.o(.text)
    USART_DeInit                             0x08001ba1   Thumb Code   134  stm32f10x_usart.o(.text)
    USART_Init                               0x08001c27   Thumb Code   210  stm32f10x_usart.o(.text)
    USART_StructInit                         0x08001cf9   Thumb Code    24  stm32f10x_usart.o(.text)
    USART_ClockInit                          0x08001d11   Thumb Code    34  stm32f10x_usart.o(.text)
    USART_ClockStructInit                    0x08001d33   Thumb Code    12  stm32f10x_usart.o(.text)
    USART_Cmd                                0x08001d3f   Thumb Code    24  stm32f10x_usart.o(.text)
    USART_ITConfig                           0x08001d57   Thumb Code    74  stm32f10x_usart.o(.text)
    USART_DMACmd                             0x08001da1   Thumb Code    18  stm32f10x_usart.o(.text)
    USART_SetAddress                         0x08001db3   Thumb Code    18  stm32f10x_usart.o(.text)
    USART_WakeUpConfig                       0x08001dc5   Thumb Code    18  stm32f10x_usart.o(.text)
    USART_ReceiverWakeUpCmd                  0x08001dd7   Thumb Code    24  stm32f10x_usart.o(.text)
    USART_LINBreakDetectLengthConfig         0x08001def   Thumb Code    18  stm32f10x_usart.o(.text)
    USART_LINCmd                             0x08001e01   Thumb Code    24  stm32f10x_usart.o(.text)
    USART_SendData                           0x08001e19   Thumb Code     8  stm32f10x_usart.o(.text)
    USART_ReceiveData                        0x08001e21   Thumb Code    10  stm32f10x_usart.o(.text)
    USART_SendBreak                          0x08001e2b   Thumb Code    10  stm32f10x_usart.o(.text)
    USART_SetGuardTime                       0x08001e35   Thumb Code    16  stm32f10x_usart.o(.text)
    USART_SetPrescaler                       0x08001e45   Thumb Code    16  stm32f10x_usart.o(.text)
    USART_SmartCardCmd                       0x08001e55   Thumb Code    24  stm32f10x_usart.o(.text)
    USART_SmartCardNACKCmd                   0x08001e6d   Thumb Code    24  stm32f10x_usart.o(.text)
    USART_HalfDuplexCmd                      0x08001e85   Thumb Code    24  stm32f10x_usart.o(.text)
    USART_OverSampling8Cmd                   0x08001e9d   Thumb Code    22  stm32f10x_usart.o(.text)
    USART_OneBitMethodCmd                    0x08001eb3   Thumb Code    24  stm32f10x_usart.o(.text)
    USART_IrDAConfig                         0x08001ecb   Thumb Code    18  stm32f10x_usart.o(.text)
    USART_IrDACmd                            0x08001edd   Thumb Code    24  stm32f10x_usart.o(.text)
    USART_GetFlagStatus                      0x08001ef5   Thumb Code    26  stm32f10x_usart.o(.text)
    USART_ClearFlag                          0x08001f0f   Thumb Code    18  stm32f10x_usart.o(.text)
    USART_GetITStatus                        0x08001f21   Thumb Code    84  stm32f10x_usart.o(.text)
    USART_ClearITPendingBit                  0x08001f75   Thumb Code    52  stm32f10x_usart.o(.text)
    NVIC_PriorityGroupConfig                 0x08001fa9   Thumb Code    10  misc.o(.text)
    NVIC_Init                                0x08001fb3   Thumb Code   100  misc.o(.text)
    NVIC_SetVectorTable                      0x08002017   Thumb Code    14  misc.o(.text)
    NVIC_SystemLPConfig                      0x08002025   Thumb Code    34  misc.o(.text)
    SysTick_CLKSourceConfig                  0x08002047   Thumb Code    40  misc.o(.text)
    DMA_DeInit                               0x08002085   Thumb Code   324  stm32f10x_dma.o(.text)
    DMA_Init                                 0x080021c9   Thumb Code    60  stm32f10x_dma.o(.text)
    DMA_StructInit                           0x08002205   Thumb Code    26  stm32f10x_dma.o(.text)
    DMA_Cmd                                  0x0800221f   Thumb Code    24  stm32f10x_dma.o(.text)
    DMA_ITConfig                             0x08002237   Thumb Code    18  stm32f10x_dma.o(.text)
    DMA_SetCurrDataCounter                   0x08002249   Thumb Code     4  stm32f10x_dma.o(.text)
    DMA_GetCurrDataCounter                   0x0800224d   Thumb Code     8  stm32f10x_dma.o(.text)
    DMA_GetFlagStatus                        0x08002255   Thumb Code    40  stm32f10x_dma.o(.text)
    DMA_ClearFlag                            0x0800227d   Thumb Code    22  stm32f10x_dma.o(.text)
    DMA_GetITStatus                          0x08002293   Thumb Code    40  stm32f10x_dma.o(.text)
    DMA_ClearITPendingBit                    0x080022bb   Thumb Code    22  stm32f10x_dma.o(.text)
    ADC_DeInit                               0x080022d9   Thumb Code    78  stm32f10x_adc.o(.text)
    ADC_Init                                 0x08002327   Thumb Code    70  stm32f10x_adc.o(.text)
    ADC_StructInit                           0x0800236d   Thumb Code    18  stm32f10x_adc.o(.text)
    ADC_Cmd                                  0x0800237f   Thumb Code    22  stm32f10x_adc.o(.text)
    ADC_DMACmd                               0x08002395   Thumb Code    22  stm32f10x_adc.o(.text)
    ADC_ITConfig                             0x080023ab   Thumb Code    24  stm32f10x_adc.o(.text)
    ADC_ResetCalibration                     0x080023c3   Thumb Code    10  stm32f10x_adc.o(.text)
    ADC_GetResetCalibrationStatus            0x080023cd   Thumb Code    20  stm32f10x_adc.o(.text)
    ADC_StartCalibration                     0x080023e1   Thumb Code    10  stm32f10x_adc.o(.text)
    ADC_GetCalibrationStatus                 0x080023eb   Thumb Code    20  stm32f10x_adc.o(.text)
    ADC_SoftwareStartConvCmd                 0x080023ff   Thumb Code    22  stm32f10x_adc.o(.text)
    ADC_GetSoftwareStartConvStatus           0x08002415   Thumb Code    20  stm32f10x_adc.o(.text)
    ADC_DiscModeChannelCountConfig           0x08002429   Thumb Code    24  stm32f10x_adc.o(.text)
    ADC_DiscModeCmd                          0x08002441   Thumb Code    22  stm32f10x_adc.o(.text)
    ADC_RegularChannelConfig                 0x08002457   Thumb Code   184  stm32f10x_adc.o(.text)
    ADC_ExternalTrigConvCmd                  0x0800250f   Thumb Code    22  stm32f10x_adc.o(.text)
    ADC_GetConversionValue                   0x08002525   Thumb Code     8  stm32f10x_adc.o(.text)
    ADC_GetDualModeConversionValue           0x0800252d   Thumb Code     8  stm32f10x_adc.o(.text)
    ADC_AutoInjectedConvCmd                  0x08002535   Thumb Code    22  stm32f10x_adc.o(.text)
    ADC_InjectedDiscModeCmd                  0x0800254b   Thumb Code    22  stm32f10x_adc.o(.text)
    ADC_ExternalTrigInjectedConvConfig       0x08002561   Thumb Code    16  stm32f10x_adc.o(.text)
    ADC_ExternalTrigInjectedConvCmd          0x08002571   Thumb Code    22  stm32f10x_adc.o(.text)
    ADC_SoftwareStartInjectedConvCmd         0x08002587   Thumb Code    22  stm32f10x_adc.o(.text)
    ADC_GetSoftwareStartInjectedConvCmdStatus 0x0800259d   Thumb Code    20  stm32f10x_adc.o(.text)
    ADC_InjectedChannelConfig                0x080025b1   Thumb Code   130  stm32f10x_adc.o(.text)
    ADC_InjectedSequencerLengthConfig        0x08002633   Thumb Code    24  stm32f10x_adc.o(.text)
    ADC_SetInjectedOffset                    0x0800264b   Thumb Code    20  stm32f10x_adc.o(.text)
    ADC_GetInjectedConversionValue           0x0800265f   Thumb Code    28  stm32f10x_adc.o(.text)
    ADC_AnalogWatchdogCmd                    0x0800267b   Thumb Code    16  stm32f10x_adc.o(.text)
    ADC_AnalogWatchdogThresholdsConfig       0x0800268b   Thumb Code     6  stm32f10x_adc.o(.text)
    ADC_AnalogWatchdogSingleChannelConfig    0x08002691   Thumb Code    16  stm32f10x_adc.o(.text)
    ADC_TempSensorVrefintCmd                 0x080026a1   Thumb Code    64  stm32f10x_adc.o(.text)
    ADC_GetFlagStatus                        0x080026e1   Thumb Code    18  stm32f10x_adc.o(.text)
    ADC_ClearFlag                            0x080026f3   Thumb Code     6  stm32f10x_adc.o(.text)
    ADC_GetITStatus                          0x080026f9   Thumb Code    36  stm32f10x_adc.o(.text)
    ADC_ClearITPendingBit                    0x0800271d   Thumb Code    10  stm32f10x_adc.o(.text)
    __aeabi_fadd                             0x08002727   Thumb Code   164  fadd.o(.text)
    __aeabi_fsub                             0x080027cb   Thumb Code     6  fadd.o(.text)
    __aeabi_frsub                            0x080027d1   Thumb Code     6  fadd.o(.text)
    __aeabi_fmul                             0x080027d7   Thumb Code   100  fmul.o(.text)
    __aeabi_fdiv                             0x0800283b   Thumb Code   124  fdiv.o(.text)
    __aeabi_dmul                             0x080028b7   Thumb Code   228  dmul.o(.text)
    __aeabi_ddiv                             0x0800299b   Thumb Code   222  ddiv.o(.text)
    __aeabi_ui2f                             0x08002a79   Thumb Code    10  ffltui.o(.text)
    __aeabi_f2d                              0x08002a83   Thumb Code    38  f2d.o(.text)
    __aeabi_d2f                              0x08002aa9   Thumb Code    56  d2f.o(.text)
    __aeabi_uidiv                            0x08002ae1   Thumb Code     0  uidiv.o(.text)
    __aeabi_uidivmod                         0x08002ae1   Thumb Code    44  uidiv.o(.text)
    __aeabi_uldivmod                         0x08002b0d   Thumb Code    98  uldiv.o(.text)
    __I$use$fp                               0x08002b6f   Thumb Code     0  iusefp.o(.text)
    _float_round                             0x08002b6f   Thumb Code    18  fepilogue.o(.text)
    _float_epilogue                          0x08002b81   Thumb Code    92  fepilogue.o(.text)
    _double_round                            0x08002bdd   Thumb Code    30  depilogue.o(.text)
    _double_epilogue                         0x08002bfb   Thumb Code   156  depilogue.o(.text)
    __aeabi_dadd                             0x08002c97   Thumb Code   322  dadd.o(.text)
    __aeabi_dsub                             0x08002dd9   Thumb Code     6  dadd.o(.text)
    __aeabi_drsub                            0x08002ddf   Thumb Code     6  dadd.o(.text)
    __ARM_scalbn                             0x08002de5   Thumb Code    46  dscalb.o(.text)
    scalbn                                   0x08002de5   Thumb Code     0  dscalb.o(.text)
    __aeabi_i2d                              0x08002e13   Thumb Code    34  dflti.o(.text)
    __aeabi_d2ulz                            0x08002e35   Thumb Code    48  dfixul.o(.text)
    __aeabi_cdrcmple                         0x08002e65   Thumb Code    48  cdrcmple.o(.text)
    __scatterload                            0x08002e95   Thumb Code    28  init.o(.text)
    __scatterload_rt2                        0x08002e95   Thumb Code     0  init.o(.text)
    __aeabi_llsl                             0x08002eb9   Thumb Code    30  llshl.o(.text)
    _ll_shift_l                              0x08002eb9   Thumb Code     0  llshl.o(.text)
    __aeabi_llsr                             0x08002ed7   Thumb Code    32  llushr.o(.text)
    _ll_ushift_r                             0x08002ed7   Thumb Code     0  llushr.o(.text)
    __aeabi_lasr                             0x08002ef7   Thumb Code    36  llsshr.o(.text)
    _ll_sshift_r                             0x08002ef7   Thumb Code     0  llsshr.o(.text)
    _dsqrt                                   0x08002f1b   Thumb Code   162  dsqrt.o(.text)
    __0printf                                0x08002fbd   Thumb Code    22  printfa.o(i.__0printf)
    __1printf                                0x08002fbd   Thumb Code     0  printfa.o(i.__0printf)
    __2printf                                0x08002fbd   Thumb Code     0  printfa.o(i.__0printf)
    __c89printf                              0x08002fbd   Thumb Code     0  printfa.o(i.__0printf)
    printf                                   0x08002fbd   Thumb Code     0  printfa.o(i.__0printf)
    __0sprintf                               0x08002fdd   Thumb Code    34  printfa.o(i.__0sprintf)
    __1sprintf                               0x08002fdd   Thumb Code     0  printfa.o(i.__0sprintf)
    __2sprintf                               0x08002fdd   Thumb Code     0  printfa.o(i.__0sprintf)
    __c89sprintf                             0x08002fdd   Thumb Code     0  printfa.o(i.__0sprintf)
    sprintf                                  0x08002fdd   Thumb Code     0  printfa.o(i.__0sprintf)
    __ARM_fpclassify                         0x08003005   Thumb Code    40  fpclassify.o(i.__ARM_fpclassify)
    __kernel_poly                            0x0800302d   Thumb Code   170  poly.o(i.__kernel_poly)
    __mathlib_dbl_divzero                    0x080030d9   Thumb Code    12  dunder.o(i.__mathlib_dbl_divzero)
    __mathlib_dbl_infnan2                    0x080030e9   Thumb Code     4  dunder.o(i.__mathlib_dbl_infnan2)
    __mathlib_dbl_invalid                    0x080030ed   Thumb Code    12  dunder.o(i.__mathlib_dbl_invalid)
    __mathlib_dbl_overflow                   0x080030f9   Thumb Code    14  dunder.o(i.__mathlib_dbl_overflow)
    __mathlib_dbl_underflow                  0x08003109   Thumb Code    10  dunder.o(i.__mathlib_dbl_underflow)
    __scatterload_copy                       0x08003119   Thumb Code    14  handlers.o(i.__scatterload_copy)
    __scatterload_null                       0x08003127   Thumb Code     2  handlers.o(i.__scatterload_null)
    __scatterload_zeroinit                   0x08003129   Thumb Code    14  handlers.o(i.__scatterload_zeroinit)
    __set_errno                              0x08003139   Thumb Code     6  errno.o(i.__set_errno)
    pow                                      0x08003a01   Thumb Code  2512  pow.o(i.pow)
    sqrt                                     0x080043d9   Thumb Code    76  sqrt.o(i.sqrt)
    __mathlib_zero                           0x080044b0   Data           8  qnan.o(.constdata)
    Region$$Table$$Base                      0x080044b8   Number         0  anon$$obj.o(Region$$Table)
    Region$$Table$$Limit                     0x080044d8   Number         0  anon$$obj.o(Region$$Table)
    SystemCoreClock                          0x20000024   Data           4  system_stm32f10x.o(.data)
    AHBPrescTable                            0x20000028   Data          16  system_stm32f10x.o(.data)
    value                                    0x20000060   Data           2  mq2.o(.data)
    ppm                                      0x20000064   Data           4  mq2.o(.data)
    __stdout                                 0x2000007c   Data           4  stdout.o(.data)
    buf                                      0x20000098   Data          20  mfrc522.o(.bss)
    buff                                     0x200000ac   Data          30  mq2.o(.bss)
    __initial_sp                             0x200004d0   Data           0  startup_stm32f10x_hd.o(STACK)



==============================================================================

Memory Map of the image

  Image Entry point : 0x08000131

  Load Region LR_IROM1 (Base: 0x08000000, Size: 0x0000455c, Max: 0x00040000, ABSOLUTE)

    Execution Region ER_IROM1 (Exec base: 0x08000000, Load base: 0x08000000, Size: 0x000044d8, Max: 0x00040000, ABSOLUTE)

    Exec Addr    Load Addr    Size         Type   Attr      Idx    E Section Name        Object

    0x08000000   0x08000000   0x00000130   Data   RO          542    RESET               startup_stm32f10x_hd.o
    0x08000130   0x08000130   0x00000000   Code   RO          703  * .ARM.Collect$$$$00000000  mc_w.l(entry.o)
    0x08000130   0x08000130   0x00000004   Code   RO         1010    .ARM.Collect$$$$00000001  mc_w.l(entry2.o)
    0x08000134   0x08000134   0x00000004   Code   RO         1013    .ARM.Collect$$$$00000004  mc_w.l(entry5.o)
    0x08000138   0x08000138   0x00000000   Code   RO         1015    .ARM.Collect$$$$00000008  mc_w.l(entry7b.o)
    0x08000138   0x08000138   0x00000000   Code   RO         1017    .ARM.Collect$$$$0000000A  mc_w.l(entry8b.o)
    0x08000138   0x08000138   0x00000008   Code   RO         1018    .ARM.Collect$$$$0000000B  mc_w.l(entry9a.o)
    0x08000140   0x08000140   0x00000000   Code   RO         1020    .ARM.Collect$$$$0000000D  mc_w.l(entry10a.o)
    0x08000140   0x08000140   0x00000000   Code   RO         1022    .ARM.Collect$$$$0000000F  mc_w.l(entry11a.o)
    0x08000140   0x08000140   0x00000004   Code   RO         1011    .ARM.Collect$$$$00002712  mc_w.l(entry2.o)
    0x08000144   0x08000144   0x000000e8   Code   RO            4    .text               main.o
    0x0800022c   0x0800022c   0x00000018   Code   RO          166    .text               stm32f10x_it.o
    0x08000244   0x08000244   0x000001e0   Code   RO          219    .text               system_stm32f10x.o
    0x08000424   0x08000424   0x000000fc   Code   RO          249    .text               key.o
    0x08000520   0x08000520   0x0000017c   Code   RO          274    .text               led.o
    0x0800069c   0x0800069c   0x00000074   Code   RO          300    .text               hmitask.o
    0x08000710   0x08000710   0x000000a4   Code   RO          324    .text               systick.o
    0x080007b4   0x080007b4   0x000001f4   Code   RO          354    .text               usb2com_drv.o
    0x080009a8   0x080009a8   0x0000081c   Code   RO          399    .text               mfrc522.o
    0x080011c4   0x080011c4   0x000001a4   Code   RO          426    .text               mq2.o
    0x08001368   0x08001368   0x00000078   Code   RO          454    .text               delay.o
    0x080013e0   0x080013e0   0x0000009c   Code   RO          509    .text               adcx.o
    0x0800147c   0x0800147c   0x00000024   Code   RO          543    .text               startup_stm32f10x_hd.o
    0x080014a0   0x080014a0   0x0000035c   Code   RO          550    .text               stm32f10x_gpio.o
    0x080017fc   0x080017fc   0x000003a4   Code   RO          574    .text               stm32f10x_rcc.o
    0x08001ba0   0x08001ba0   0x00000408   Code   RO          600    .text               stm32f10x_usart.o
    0x08001fa8   0x08001fa8   0x000000dc   Code   RO          624    .text               misc.o
    0x08002084   0x08002084   0x00000254   Code   RO          648    .text               stm32f10x_dma.o
    0x080022d8   0x080022d8   0x0000044e   Code   RO          672    .text               stm32f10x_adc.o
    0x08002726   0x08002726   0x000000b0   Code   RO          967    .text               mf_w.l(fadd.o)
    0x080027d6   0x080027d6   0x00000064   Code   RO          969    .text               mf_w.l(fmul.o)
    0x0800283a   0x0800283a   0x0000007c   Code   RO          971    .text               mf_w.l(fdiv.o)
    0x080028b6   0x080028b6   0x000000e4   Code   RO          973    .text               mf_w.l(dmul.o)
    0x0800299a   0x0800299a   0x000000de   Code   RO          975    .text               mf_w.l(ddiv.o)
    0x08002a78   0x08002a78   0x0000000a   Code   RO          977    .text               mf_w.l(ffltui.o)
    0x08002a82   0x08002a82   0x00000026   Code   RO          979    .text               mf_w.l(f2d.o)
    0x08002aa8   0x08002aa8   0x00000038   Code   RO          981    .text               mf_w.l(d2f.o)
    0x08002ae0   0x08002ae0   0x0000002c   Code   RO         1025    .text               mc_w.l(uidiv.o)
    0x08002b0c   0x08002b0c   0x00000062   Code   RO         1027    .text               mc_w.l(uldiv.o)
    0x08002b6e   0x08002b6e   0x00000000   Code   RO         1036    .text               mc_w.l(iusefp.o)
    0x08002b6e   0x08002b6e   0x0000006e   Code   RO         1037    .text               mf_w.l(fepilogue.o)
    0x08002bdc   0x08002bdc   0x000000ba   Code   RO         1039    .text               mf_w.l(depilogue.o)
    0x08002c96   0x08002c96   0x0000014e   Code   RO         1041    .text               mf_w.l(dadd.o)
    0x08002de4   0x08002de4   0x0000002e   Code   RO         1043    .text               mf_w.l(dscalb.o)
    0x08002e12   0x08002e12   0x00000022   Code   RO         1045    .text               mf_w.l(dflti.o)
    0x08002e34   0x08002e34   0x00000030   Code   RO         1047    .text               mf_w.l(dfixul.o)
    0x08002e64   0x08002e64   0x00000030   Code   RO         1049    .text               mf_w.l(cdrcmple.o)
    0x08002e94   0x08002e94   0x00000024   Code   RO         1051    .text               mc_w.l(init.o)
    0x08002eb8   0x08002eb8   0x0000001e   Code   RO         1053    .text               mc_w.l(llshl.o)
    0x08002ed6   0x08002ed6   0x00000020   Code   RO         1055    .text               mc_w.l(llushr.o)
    0x08002ef6   0x08002ef6   0x00000024   Code   RO         1057    .text               mc_w.l(llsshr.o)
    0x08002f1a   0x08002f1a   0x000000a2   Code   RO         1059    .text               mf_w.l(dsqrt.o)
    0x08002fbc   0x08002fbc   0x00000020   Code   RO          939    i.__0printf         mc_w.l(printfa.o)
    0x08002fdc   0x08002fdc   0x00000028   Code   RO          941    i.__0sprintf        mc_w.l(printfa.o)
    0x08003004   0x08003004   0x00000028   Code   RO          997    i.__ARM_fpclassify  m_ws.l(fpclassify.o)
    0x0800302c   0x0800302c   0x000000aa   Code   RO          999    i.__kernel_poly     m_ws.l(poly.o)
    0x080030d6   0x080030d6   0x00000002   PAD
    0x080030d8   0x080030d8   0x00000010   Code   RO          983    i.__mathlib_dbl_divzero  m_ws.l(dunder.o)
    0x080030e8   0x080030e8   0x00000004   Code   RO          985    i.__mathlib_dbl_infnan2  m_ws.l(dunder.o)
    0x080030ec   0x080030ec   0x0000000c   Code   RO          986    i.__mathlib_dbl_invalid  m_ws.l(dunder.o)
    0x080030f8   0x080030f8   0x0000000e   Code   RO          987    i.__mathlib_dbl_overflow  m_ws.l(dunder.o)
    0x08003106   0x08003106   0x00000002   PAD
    0x08003108   0x08003108   0x00000010   Code   RO          989    i.__mathlib_dbl_underflow  m_ws.l(dunder.o)
    0x08003118   0x08003118   0x0000000e   Code   RO         1065    i.__scatterload_copy  mc_w.l(handlers.o)
    0x08003126   0x08003126   0x00000002   Code   RO         1066    i.__scatterload_null  mc_w.l(handlers.o)
    0x08003128   0x08003128   0x0000000e   Code   RO         1067    i.__scatterload_zeroinit  mc_w.l(handlers.o)
    0x08003136   0x08003136   0x00000002   PAD
    0x08003138   0x08003138   0x0000000c   Code   RO         1031    i.__set_errno       mc_w.l(errno.o)
    0x08003144   0x08003144   0x00000184   Code   RO          946    i._fp_digits        mc_w.l(printfa.o)
    0x080032c8   0x080032c8   0x000006dc   Code   RO          947    i._printf_core      mc_w.l(printfa.o)
    0x080039a4   0x080039a4   0x00000024   Code   RO          948    i._printf_post_padding  mc_w.l(printfa.o)
    0x080039c8   0x080039c8   0x0000002e   Code   RO          949    i._printf_pre_padding  mc_w.l(printfa.o)
    0x080039f6   0x080039f6   0x0000000a   Code   RO          951    i._sputc            mc_w.l(printfa.o)
    0x08003a00   0x08003a00   0x000009d8   Code   RO          694    i.pow               m_ws.l(pow.o)
    0x080043d8   0x080043d8   0x0000004c   Code   RO         1003    i.sqrt              m_ws.l(sqrt.o)
    0x08004424   0x08004424   0x00000004   PAD
    0x08004428   0x08004428   0x00000088   Data   RO          695    .constdata          m_ws.l(pow.o)
    0x080044b0   0x080044b0   0x00000008   Data   RO         1001    .constdata          m_ws.l(qnan.o)
    0x080044b8   0x080044b8   0x00000020   Data   RO         1063    Region$$Table       anon$$obj.o


    Execution Region RW_IRAM1 (Exec base: 0x20000000, Load base: 0x080044d8, Size: 0x000004d0, Max: 0x0000c000, ABSOLUTE)

    Exec Addr    Load Addr    Size         Type   Attr      Idx    E Section Name        Object

    0x20000000   0x080044d8   0x00000024   Data   RW            5    .data               main.o
    0x20000024   0x080044fc   0x00000014   Data   RW          220    .data               system_stm32f10x.o
    0x20000038   0x08004510   0x00000001   Data   RW          250    .data               key.o
    0x20000039   0x08004511   0x00000003   PAD
    0x2000003c   0x08004514   0x00000010   Data   RW          275    .data               led.o
    0x2000004c   0x08004524   0x00000004   PAD
    0x20000050   0x08004528   0x0000000c   Data   RW          325    .data               systick.o
    0x2000005c   0x08004534   0x00000001   Data   RW          356    .data               usb2com_drv.o
    0x2000005d   0x08004535   0x00000003   PAD
    0x20000060   0x08004538   0x00000008   Data   RW          428    .data               mq2.o
    0x20000068   0x08004540   0x00000014   Data   RW          575    .data               stm32f10x_rcc.o
    0x2000007c   0x08004554   0x00000004   Data   RW         1024    .data               mc_w.l(stdout.o)
    0x20000080   0x08004558   0x00000004   Data   RW         1032    .data               mc_w.l(errno.o)
    0x20000084        -       0x00000014   Zero   RW          355    .bss                usb2com_drv.o
    0x20000098        -       0x00000014   Zero   RW          400    .bss                mfrc522.o
    0x200000ac        -       0x0000001e   Zero   RW          427    .bss                mq2.o
    0x200000ca   0x0800455c   0x00000006   PAD
    0x200000d0        -       0x00000400   Zero   RW          540    STACK               startup_stm32f10x_hd.o


==============================================================================

Image component sizes


      Code (inc. data)   RO Data    RW Data    ZI Data      Debug   Object Name

       156          4          0          0          0        821   adcx.o
       120         16          0          0          0        859   delay.o
       116         12          0          0          0        474   hmitask.o
       252         16          0          1          0        824   key.o
       380         30          0         16          0       2026   led.o
       232          8          0         36          0     254291   main.o
      2076         46          0          0         20       7011   mfrc522.o
       220         22          0          0          0       1785   misc.o
       420         74          0          8         30       1950   mq2.o
        36          8        304          0       1024        788   startup_stm32f10x_hd.o
      1102         26          0          0          0      11029   stm32f10x_adc.o
       596          8          0          0          0       4350   stm32f10x_dma.o
       860         38          0          0          0       5721   stm32f10x_gpio.o
        24          0          0          0          0       1082   stm32f10x_it.o
       932         36          0         20          0       8896   stm32f10x_rcc.o
      1032         22          0          0          0       8444   stm32f10x_usart.o
       480         38          0         20          0       1719   system_stm32f10x.o
       164         20          0         12          0      26897   systick.o
       500         20          0          1         20       3093   usb2com_drv.o

    ----------------------------------------------------------------------
      9698        444        336        124       1100     342060   Object Totals
         0          0         32          0          0          0   (incl. Generated)
         0          0          0         10          6          0   (incl. Padding)

    ----------------------------------------------------------------------

      Code (inc. data)   RO Data    RW Data    ZI Data      Debug   Library Member Name

        62         10          0          0          0        340   dunder.o
        40          0          0          0          0         68   fpclassify.o
       170          0          0          0          0         96   poly.o
      2520        190        136          0          0        324   pow.o
         0          0          8          0          0          0   qnan.o
        76          0          0          0          0         84   sqrt.o
         0          0          0          0          0          0   entry.o
         0          0          0          0          0          0   entry10a.o
         0          0          0          0          0          0   entry11a.o
         8          4          0          0          0          0   entry2.o
         4          0          0          0          0          0   entry5.o
         0          0          0          0          0          0   entry7b.o
         0          0          0          0          0          0   entry8b.o
         8          4          0          0          0          0   entry9a.o
        12          6          0          4          0         68   errno.o
        30          0          0          0          0          0   handlers.o
        36          8          0          0          0         68   init.o
         0          0          0          0          0          0   iusefp.o
        30          0          0          0          0         68   llshl.o
        36          0          0          0          0         68   llsshr.o
        32          0          0          0          0         68   llushr.o
      2308         96          0          0          0        604   printfa.o
         0          0          0          4          0          0   stdout.o
        44          0          0          0          0         80   uidiv.o
        98          0          0          0          0         92   uldiv.o
        48          0          0          0          0         68   cdrcmple.o
        56          0          0          0          0         88   d2f.o
       334          0          0          0          0        148   dadd.o
       222          0          0          0          0        100   ddiv.o
       186          0          0          0          0        176   depilogue.o
        48          0          0          0          0         68   dfixul.o
        34          0          0          0          0         76   dflti.o
       228          0          0          0          0         96   dmul.o
        46          0          0          0          0         80   dscalb.o
       162          0          0          0          0        100   dsqrt.o
        38          0          0          0          0         68   f2d.o
       176          0          0          0          0        140   fadd.o
       124          0          0          0          0         88   fdiv.o
       110          0          0          0          0        168   fepilogue.o
        10          0          0          0          0         68   ffltui.o
       100          0          0          0          0         76   fmul.o

    ----------------------------------------------------------------------
      7446        318        144          8          0       3636   Library Totals
        10          0          0          0          0          0   (incl. Padding)

    ----------------------------------------------------------------------

      Code (inc. data)   RO Data    RW Data    ZI Data      Debug   Library Name

      2868        200        144          0          0        912   m_ws.l
      2646        118          0          8          0       1116   mc_w.l
      1922          0          0          0          0       1608   mf_w.l

    ----------------------------------------------------------------------
      7446        318        144          8          0       3636   Library Totals

    ----------------------------------------------------------------------

==============================================================================


      Code (inc. data)   RO Data    RW Data    ZI Data      Debug   

     17144        762        480        132       1100     342468   Grand Totals
     17144        762        480        132       1100     342468   ELF Image Totals
     17144        762        480        132          0          0   ROM Totals

==============================================================================

    Total RO  Size (Code + RO Data)                17624 (  17.21kB)
    Total RW  Size (RW Data + ZI Data)              1232 (   1.20kB)
    Total ROM Size (Code + RO Data + RW Data)      17756 (  17.34kB)

==============================================================================

